Component: ARM Compiler 5.05 update 1 (build 106) Tool: armlink [4d0efa]

==============================================================================

Section Cross References

    main.o(.text) refers to _printf_percent.o(.ARM.Collect$$_printf_percent$$00000000) for _printf_percent
    main.o(.text) refers to _printf_s.o(.ARM.Collect$$_printf_percent$$00000014) for _printf_s
    main.o(.text) refers to _printf_str.o(.text) for _printf_str
    main.o(.text) refers to malloc.o(.text) for mymalloc
    main.o(.text) refers to delay.o(.text) for delay_init
    main.o(.text) refers to misc.o(.text) for NVIC_PriorityGroupConfig
    main.o(.text) refers to usart.o(.text) for uart_init
    main.o(.text) refers to led.o(.text) for LED_Init
    main.o(.text) refers to beep.o(.text) for BEEP_Init
    main.o(.text) refers to key.o(.text) for KEY_Init
    main.o(.text) refers to lcd.o(.text) for LCD_Init
    main.o(.text) refers to adc.o(.text) for Adc_Init
    main.o(.text) refers to 24cxx.o(.text) for AT24CXX_Init
    main.o(.text) refers to rtc.o(.text) for RTC_Init
    main.o(.text) refers to usart3.o(.text) for usart3_init
    main.o(.text) refers to w25qxx.o(.text) for W25QXX_Init
    main.o(.text) refers to exfuns.o(.text) for exfuns_init
    main.o(.text) refers to ff.o(.text) for f_mount
    main.o(.text) refers to sdio_sdcard.o(.text) for SD_Init
    main.o(.text) refers to fontupd.o(.text) for update_font
    main.o(.text) refers to text.o(.text) for Show_Str_Mid
    main.o(.text) refers to main.o(.conststring) for .conststring
    main.o(.text) refers to usmart_config.o(.data) for usmart_dev
    main.o(.text) refers to system_stm32f10x.o(.data) for SystemCoreClock
    main.o(.text) refers to touch.o(.data) for tp_dev
    main.o(.text) refers to exfuns.o(.data) for fs
    main.o(.text) refers to lcd.o(.data) for POINT_COLOR
    main.o(.text) refers to rtc.o(.bss) for calendar
    main.o(.text) refers to fflt_clz.o(x$fpl$ffltu) for __aeabi_ui2f
    main.o(.text) refers to f2d.o(x$fpl$f2d) for __aeabi_f2d
    main.o(.text) refers to dmul.o(x$fpl$dmul) for __aeabi_dmul
    main.o(.text) refers to d2f.o(x$fpl$d2f) for __aeabi_d2f
    main.o(.text) refers to ffixu.o(x$fpl$ffixu) for __aeabi_f2uiz
    main.o(.text) refers to faddsub_clz.o(x$fpl$frsb) for __aeabi_frsub
    main.o(.text) refers to fmul.o(x$fpl$fmul) for __aeabi_fmul
    main.o(.text) refers to fleqf.o(x$fpl$fleqf) for __aeabi_cfcmple
    main.o(.text) refers to sim900a.o(.text) for sim900a_send_cmd
    main.o(.text) refers to __2sprintf.o(.text) for __2sprintf
    main.o(.text) refers to touch.o(.text) for TP_Adjust
    main.o(.text) refers to usart3.o(.data) for USART3_RX_STA
    main.o(.text) refers to lcd.o(.bss) for lcddev
    main.o(.text) refers to rand.o(.emb_text) for rand
    system_stm32f10x.o(.text) refers to system_stm32f10x.o(.data) for SystemCoreClock
    led.o(.text) refers to stm32f10x_rcc.o(.text) for RCC_APB2PeriphClockCmd
    led.o(.text) refers to stm32f10x_gpio.o(.text) for GPIO_Init
    key.o(.text) refers to stm32f10x_rcc.o(.text) for RCC_APB2PeriphClockCmd
    key.o(.text) refers to stm32f10x_gpio.o(.text) for GPIO_Init
    key.o(.text) refers to delay.o(.text) for delay_ms
    key.o(.text) refers to key.o(.data) for key_up
    lcd.o(.text) refers to _printf_percent.o(.ARM.Collect$$_printf_percent$$00000000) for _printf_percent
    lcd.o(.text) refers to _printf_x.o(.ARM.Collect$$_printf_percent$$0000000C) for _printf_x
    lcd.o(.text) refers to _printf_hex_int_ll_ptr.o(.text) for _printf_longlong_hex
    lcd.o(.text) refers to delay.o(.text) for delay_us
    lcd.o(.text) refers to lcd.o(.bss) for lcddev
    lcd.o(.text) refers to dflt_clz.o(x$fpl$dfltu) for __aeabi_ui2d
    lcd.o(.text) refers to dmul.o(x$fpl$dmul) for __aeabi_dmul
    lcd.o(.text) refers to dfixu.o(x$fpl$dfixu) for __aeabi_d2uiz
    lcd.o(.text) refers to lcd.o(.data) for POINT_COLOR
    lcd.o(.text) refers to stm32f10x_rcc.o(.text) for RCC_AHBPeriphClockCmd
    lcd.o(.text) refers to stm32f10x_gpio.o(.text) for GPIO_Init
    lcd.o(.text) refers to stm32f10x_fsmc.o(.text) for FSMC_NORSRAMInit
    lcd.o(.text) refers to __2printf.o(.text) for __2printf
    lcd.o(.text) refers to lcd.o(.constdata) for asc2_1206
    spi.o(.text) refers to stm32f10x_spi.o(.text) for SPI_I2S_GetFlagStatus
    spi.o(.text) refers to stm32f10x_rcc.o(.text) for RCC_APB2PeriphClockCmd
    spi.o(.text) refers to stm32f10x_gpio.o(.text) for GPIO_Init
    w25qxx.o(.text) refers to _printf_percent.o(.ARM.Collect$$_printf_percent$$00000000) for _printf_percent
    w25qxx.o(.text) refers to _printf_x.o(.ARM.Collect$$_printf_percent$$0000000C) for _printf_x
    w25qxx.o(.text) refers to _printf_hex_int_ll_ptr.o(.text) for _printf_longlong_hex
    w25qxx.o(.text) refers to spi.o(.text) for SPI2_ReadWriteByte
    w25qxx.o(.text) refers to stm32f10x_rcc.o(.text) for RCC_APB2PeriphClockCmd
    w25qxx.o(.text) refers to stm32f10x_gpio.o(.text) for GPIO_Init
[...]
    USART_SmartCardNACKCmd                   0x0800d40d   Thumb Code    24  stm32f10x_usart.o(.text)
    USART_HalfDuplexCmd                      0x0800d425   Thumb Code    24  stm32f10x_usart.o(.text)
    USART_OverSampling8Cmd                   0x0800d43d   Thumb Code    22  stm32f10x_usart.o(.text)
    USART_OneBitMethodCmd                    0x0800d453   Thumb Code    24  stm32f10x_usart.o(.text)
    USART_IrDAConfig                         0x0800d46b   Thumb Code    18  stm32f10x_usart.o(.text)
    USART_IrDACmd                            0x0800d47d   Thumb Code    24  stm32f10x_usart.o(.text)
    USART_GetFlagStatus                      0x0800d495   Thumb Code    26  stm32f10x_usart.o(.text)
    USART_ClearFlag                          0x0800d4af   Thumb Code    18  stm32f10x_usart.o(.text)
    USART_GetITStatus                        0x0800d4c1   Thumb Code    84  stm32f10x_usart.o(.text)
    USART_ClearITPendingBit                  0x0800d515   Thumb Code    52  stm32f10x_usart.o(.text)
    TIM_DeInit                               0x0800d549   Thumb Code   424  stm32f10x_tim.o(.text)
    TIM_TimeBaseInit                         0x0800d6f1   Thumb Code   122  stm32f10x_tim.o(.text)
    TIM_OC1Init                              0x0800d76b   Thumb Code   132  stm32f10x_tim.o(.text)
    TIM_OC2Init                              0x0800d7ef   Thumb Code   154  stm32f10x_tim.o(.text)
    TIM_OC3Init                              0x0800d889   Thumb Code   150  stm32f10x_tim.o(.text)
    TIM_OC4Init                              0x0800d91f   Thumb Code   182  stm32f10x_tim.o(.text)
    TIM_SetIC4Prescaler                      0x0800d9d5   Thumb Code    26  stm32f10x_tim.o(.text)
    TIM_SetIC3Prescaler                      0x0800da71   Thumb Code    18  stm32f10x_tim.o(.text)
    TIM_SetIC2Prescaler                      0x0800dafd   Thumb Code    26  stm32f10x_tim.o(.text)
    TIM_SetIC1Prescaler                      0x0800db99   Thumb Code    18  stm32f10x_tim.o(.text)
    TIM_ICInit                               0x0800dc17   Thumb Code   150  stm32f10x_tim.o(.text)
    TIM_PWMIConfig                           0x0800dcad   Thumb Code   124  stm32f10x_tim.o(.text)
    TIM_BDTRConfig                           0x0800dd29   Thumb Code    32  stm32f10x_tim.o(.text)
    TIM_TimeBaseStructInit                   0x0800dd49   Thumb Code    18  stm32f10x_tim.o(.text)
    TIM_OCStructInit                         0x0800dd5b   Thumb Code    20  stm32f10x_tim.o(.text)
    TIM_ICStructInit                         0x0800dd6f   Thumb Code    18  stm32f10x_tim.o(.text)
    TIM_BDTRStructInit                       0x0800dd81   Thumb Code    40  stm32f10x_tim.o(.text)
    TIM_Cmd                                  0x0800dda9   Thumb Code    24  stm32f10x_tim.o(.text)
    TIM_CtrlPWMOutputs                       0x0800ddc1   Thumb Code    30  stm32f10x_tim.o(.text)
    TIM_ITConfig                             0x0800dddf   Thumb Code    18  stm32f10x_tim.o(.text)
    TIM_GenerateEvent                        0x0800ddf1   Thumb Code     4  stm32f10x_tim.o(.text)
    TIM_DMAConfig                            0x0800ddf5   Thumb Code    10  stm32f10x_tim.o(.text)
    TIM_DMACmd                               0x0800ddff   Thumb Code    18  stm32f10x_tim.o(.text)
    TIM_InternalClockConfig                  0x0800de11   Thumb Code    12  stm32f10x_tim.o(.text)
    TIM_SelectInputTrigger                   0x0800de1d   Thumb Code    18  stm32f10x_tim.o(.text)
    TIM_ITRxExternalClockConfig              0x0800de2f   Thumb Code    24  stm32f10x_tim.o(.text)
    TIM_TIxExternalClockConfig               0x0800de47   Thumb Code    62  stm32f10x_tim.o(.text)
    TIM_ETRConfig                            0x0800de85   Thumb Code    28  stm32f10x_tim.o(.text)
    TIM_ETRClockMode1Config                  0x0800dea1   Thumb Code    54  stm32f10x_tim.o(.text)
    TIM_ETRClockMode2Config                  0x0800ded7   Thumb Code    32  stm32f10x_tim.o(.text)
    TIM_PrescalerConfig                      0x0800def7   Thumb Code     6  stm32f10x_tim.o(.text)
    TIM_CounterModeConfig                    0x0800defd   Thumb Code    18  stm32f10x_tim.o(.text)
    TIM_EncoderInterfaceConfig               0x0800df0f   Thumb Code    66  stm32f10x_tim.o(.text)
    TIM_ForcedOC1Config                      0x0800df51   Thumb Code    18  stm32f10x_tim.o(.text)
    TIM_ForcedOC2Config                      0x0800df63   Thumb Code    26  stm32f10x_tim.o(.text)
    TIM_ForcedOC3Config                      0x0800df7d   Thumb Code    18  stm32f10x_tim.o(.text)
    TIM_ForcedOC4Config                      0x0800df8f   Thumb Code    26  stm32f10x_tim.o(.text)
    TIM_ARRPreloadConfig                     0x0800dfa9   Thumb Code    24  stm32f10x_tim.o(.text)
    TIM_SelectCOM                            0x0800dfc1   Thumb Code    24  stm32f10x_tim.o(.text)
    TIM_SelectCCDMA                          0x0800dfd9   Thumb Code    24  stm32f10x_tim.o(.text)
    TIM_CCPreloadControl                     0x0800dff1   Thumb Code    24  stm32f10x_tim.o(.text)
    TIM_OC1PreloadConfig                     0x0800e009   Thumb Code    18  stm32f10x_tim.o(.text)
    TIM_OC2PreloadConfig                     0x0800e01b   Thumb Code    26  stm32f10x_tim.o(.text)
    TIM_OC3PreloadConfig                     0x0800e035   Thumb Code    18  stm32f10x_tim.o(.text)
    TIM_OC4PreloadConfig                     0x0800e047   Thumb Code    26  stm32f10x_tim.o(.text)
    TIM_OC1FastConfig                        0x0800e061   Thumb Code    18  stm32f10x_tim.o(.text)
    TIM_OC2FastConfig                        0x0800e073   Thumb Code    26  stm32f10x_tim.o(.text)
    TIM_OC3FastConfig                        0x0800e08d   Thumb Code    18  stm32f10x_tim.o(.text)
    TIM_OC4FastConfig                        0x0800e09f   Thumb Code    26  stm32f10x_tim.o(.text)
    TIM_ClearOC1Ref                          0x0800e0b9   Thumb Code    18  stm32f10x_tim.o(.text)
    TIM_ClearOC2Ref                          0x0800e0cb   Thumb Code    24  stm32f10x_tim.o(.text)
    TIM_ClearOC3Ref                          0x0800e0e3   Thumb Code    18  stm32f10x_tim.o(.text)
    TIM_ClearOC4Ref                          0x0800e0f5   Thumb Code    24  stm32f10x_tim.o(.text)
    TIM_OC1PolarityConfig                    0x0800e10d   Thumb Code    18  stm32f10x_tim.o(.text)
    TIM_OC1NPolarityConfig                   0x0800e11f   Thumb Code    18  stm32f10x_tim.o(.text)
    TIM_OC2PolarityConfig                    0x0800e131   Thumb Code    26  stm32f10x_tim.o(.text)
    TIM_OC2NPolarityConfig                   0x0800e14b   Thumb Code    26  stm32f10x_tim.o(.text)
    TIM_OC3PolarityConfig                    0x0800e165   Thumb Code    26  stm32f10x_tim.o(.text)
    TIM_OC3NPolarityConfig                   0x0800e17f   Thumb Code    26  stm32f10x_tim.o(.text)
    TIM_OC4PolarityConfig                    0x0800e199   Thumb Code    26  stm32f10x_tim.o(.text)
    TIM_CCxCmd                               0x0800e1b3   Thumb Code    30  stm32f10x_tim.o(.text)
    TIM_CCxNCmd                              0x0800e1d1   Thumb Code    30  stm32f10x_tim.o(.text)
    TIM_SelectOCxM                           0x0800e1ef   Thumb Code    82  stm32f10x_tim.o(.text)
    TIM_UpdateDisableConfig                  0x0800e241   Thumb Code    24  stm32f10x_tim.o(.text)
    TIM_UpdateRequestConfig                  0x0800e259   Thumb Code    24  stm32f10x_tim.o(.text)
    TIM_SelectHallSensor                     0x0800e271   Thumb Code    24  stm32f10x_tim.o(.text)
    TIM_SelectOnePulseMode                   0x0800e289   Thumb Code    18  stm32f10x_tim.o(.text)
    TIM_SelectOutputTrigger                  0x0800e29b   Thumb Code    18  stm32f10x_tim.o(.text)
    TIM_SelectSlaveMode                      0x0800e2ad   Thumb Code    18  stm32f10x_tim.o(.text)
    TIM_SelectMasterSlaveMode                0x0800e2bf   Thumb Code    18  stm32f10x_tim.o(.text)
    TIM_SetCounter                           0x0800e2d1   Thumb Code     4  stm32f10x_tim.o(.text)
    TIM_SetAutoreload                        0x0800e2d5   Thumb Code     4  stm32f10x_tim.o(.text)
    TIM_SetCompare1                          0x0800e2d9   Thumb Code     4  stm32f10x_tim.o(.text)
    TIM_SetCompare2                          0x0800e2dd   Thumb Code     4  stm32f10x_tim.o(.text)
    TIM_SetCompare3                          0x0800e2e1   Thumb Code     4  stm32f10x_tim.o(.text)
    TIM_SetCompare4                          0x0800e2e5   Thumb Code     6  stm32f10x_tim.o(.text)
    TIM_SetClockDivision                     0x0800e2eb   Thumb Code    18  stm32f10x_tim.o(.text)
    TIM_GetCapture1                          0x0800e2fd   Thumb Code     6  stm32f10x_tim.o(.text)
    TIM_GetCapture2                          0x0800e303   Thumb Code     6  stm32f10x_tim.o(.text)
    TIM_GetCapture3                          0x0800e309   Thumb Code     6  stm32f10x_tim.o(.text)
    TIM_GetCapture4                          0x0800e30f   Thumb Code     8  stm32f10x_tim.o(.text)
    TIM_GetCounter                           0x0800e317   Thumb Code     6  stm32f10x_tim.o(.text)
    TIM_GetPrescaler                         0x0800e31d   Thumb Code     6  stm32f10x_tim.o(.text)
    TIM_GetFlagStatus                        0x0800e323   Thumb Code    18  stm32f10x_tim.o(.text)
    TIM_ClearFlag                            0x0800e335   Thumb Code     6  stm32f10x_tim.o(.text)
    TIM_GetITStatus                          0x0800e33b   Thumb Code    34  stm32f10x_tim.o(.text)
    TIM_ClearITPendingBit                    0x0800e35d   Thumb Code     6  stm32f10x_tim.o(.text)
    SDIO_DeInit                              0x0800e365   Thumb Code    28  stm32f10x_sdio.o(.text)
    SDIO_Init                                0x0800e381   Thumb Code    42  stm32f10x_sdio.o(.text)
    SDIO_StructInit                          0x0800e3ab   Thumb Code    16  stm32f10x_sdio.o(.text)
    SDIO_ClockCmd                            0x0800e3bb   Thumb Code     6  stm32f10x_sdio.o(.text)
    SDIO_SetPowerState                       0x0800e3c1   Thumb Code    22  stm32f10x_sdio.o(.text)
    SDIO_GetPowerState                       0x0800e3d7   Thumb Code    10  stm32f10x_sdio.o(.text)
    SDIO_ITConfig                            0x0800e3e1   Thumb Code    26  stm32f10x_sdio.o(.text)
    SDIO_DMACmd                              0x0800e3fb   Thumb Code     6  stm32f10x_sdio.o(.text)
    SDIO_SendCommand                         0x0800e401   Thumb Code    38  stm32f10x_sdio.o(.text)
    SDIO_CmdStructInit                       0x0800e427   Thumb Code    14  stm32f10x_sdio.o(.text)
    SDIO_GetCommandResponse                  0x0800e435   Thumb Code     8  stm32f10x_sdio.o(.text)
    SDIO_GetResponse                         0x0800e43d   Thumb Code    22  stm32f10x_sdio.o(.text)
    SDIO_DataConfig                          0x0800e453   Thumb Code    42  stm32f10x_sdio.o(.text)
    SDIO_DataStructInit                      0x0800e47d   Thumb Code    20  stm32f10x_sdio.o(.text)
    SDIO_GetDataCounter                      0x0800e491   Thumb Code     6  stm32f10x_sdio.o(.text)
    SDIO_ReadData                            0x0800e497   Thumb Code     8  stm32f10x_sdio.o(.text)
    SDIO_WriteData                           0x0800e49f   Thumb Code     8  stm32f10x_sdio.o(.text)
    SDIO_GetFIFOCount                        0x0800e4a7   Thumb Code     6  stm32f10x_sdio.o(.text)
    SDIO_StartSDIOReadWait                   0x0800e4ad   Thumb Code     8  stm32f10x_sdio.o(.text)
    SDIO_StopSDIOReadWait                    0x0800e4b5   Thumb Code     8  stm32f10x_sdio.o(.text)
    SDIO_SetSDIOReadWaitMode                 0x0800e4bd   Thumb Code     8  stm32f10x_sdio.o(.text)
    SDIO_SetSDIOOperation                    0x0800e4c5   Thumb Code     8  stm32f10x_sdio.o(.text)
    SDIO_SendSDIOSuspendCmd                  0x0800e4cd   Thumb Code     6  stm32f10x_sdio.o(.text)
    SDIO_CommandCompletionCmd                0x0800e4d3   Thumb Code     8  stm32f10x_sdio.o(.text)
    SDIO_CEATAITCmd                          0x0800e4db   Thumb Code    12  stm32f10x_sdio.o(.text)
    SDIO_SendCEATACmd                        0x0800e4e7   Thumb Code     8  stm32f10x_sdio.o(.text)
    SDIO_GetFlagStatus                       0x0800e4ef   Thumb Code    20  stm32f10x_sdio.o(.text)
    SDIO_ClearFlag                           0x0800e503   Thumb Code     6  stm32f10x_sdio.o(.text)
    SDIO_GetITStatus                         0x0800e509   Thumb Code    20  stm32f10x_sdio.o(.text)
    SDIO_ClearITPendingBit                   0x0800e51d   Thumb Code     6  stm32f10x_sdio.o(.text)
    DMA_DeInit                               0x0800e539   Thumb Code   324  stm32f10x_dma.o(.text)
    DMA_Init                                 0x0800e67d   Thumb Code    60  stm32f10x_dma.o(.text)
    DMA_StructInit                           0x0800e6b9   Thumb Code    26  stm32f10x_dma.o(.text)
    DMA_Cmd                                  0x0800e6d3   Thumb Code    24  stm32f10x_dma.o(.text)
    DMA_ITConfig                             0x0800e6eb   Thumb Code    18  stm32f10x_dma.o(.text)
    DMA_SetCurrDataCounter                   0x0800e6fd   Thumb Code     4  stm32f10x_dma.o(.text)
    DMA_GetCurrDataCounter                   0x0800e701   Thumb Code     8  stm32f10x_dma.o(.text)
    DMA_GetFlagStatus                        0x0800e709   Thumb Code    40  stm32f10x_dma.o(.text)
    DMA_ClearFlag                            0x0800e731   Thumb Code    22  stm32f10x_dma.o(.text)
    DMA_GetITStatus                          0x0800e747   Thumb Code    40  stm32f10x_dma.o(.text)
    DMA_ClearITPendingBit                    0x0800e76f   Thumb Code    22  stm32f10x_dma.o(.text)
    RTC_ITConfig                             0x0800e78d   Thumb Code    26  stm32f10x_rtc.o(.text)
    RTC_EnterConfigMode                      0x0800e7a7   Thumb Code    18  stm32f10x_rtc.o(.text)
    RTC_ExitConfigMode                       0x0800e7b9   Thumb Code    20  stm32f10x_rtc.o(.text)
    RTC_GetCounter                           0x0800e7cd   Thumb Code    18  stm32f10x_rtc.o(.text)
    RTC_SetCounter                           0x0800e7df   Thumb Code    26  stm32f10x_rtc.o(.text)
    RTC_SetPrescaler                         0x0800e7f9   Thumb Code    28  stm32f10x_rtc.o(.text)
    RTC_SetAlarm                             0x0800e815   Thumb Code    26  stm32f10x_rtc.o(.text)
    RTC_GetDivider                           0x0800e82f   Thumb Code    22  stm32f10x_rtc.o(.text)
    RTC_WaitForLastTask                      0x0800e845   Thumb Code    18  stm32f10x_rtc.o(.text)
    RTC_WaitForSynchro                       0x0800e857   Thumb Code    36  stm32f10x_rtc.o(.text)
    RTC_GetFlagStatus                        0x0800e87b   Thumb Code    22  stm32f10x_rtc.o(.text)
    RTC_ClearFlag                            0x0800e891   Thumb Code    16  stm32f10x_rtc.o(.text)
    RTC_GetITStatus                          0x0800e8a1   Thumb Code    32  stm32f10x_rtc.o(.text)
    RTC_ClearITPendingBit                    0x0800e8c1   Thumb Code    16  stm32f10x_rtc.o(.text)
    BKP_DeInit                               0x0800e8d5   Thumb Code    16  stm32f10x_bkp.o(.text)
    BKP_TamperPinLevelConfig                 0x0800e8e5   Thumb Code     6  stm32f10x_bkp.o(.text)
    BKP_TamperPinCmd                         0x0800e8eb   Thumb Code     8  stm32f10x_bkp.o(.text)
    BKP_ITConfig                             0x0800e8f3   Thumb Code     8  stm32f10x_bkp.o(.text)
    BKP_RTCOutputConfig                      0x0800e8fb   Thumb Code    22  stm32f10x_bkp.o(.text)
    BKP_SetRTCCalibrationValue               0x0800e911   Thumb Code    22  stm32f10x_bkp.o(.text)
    BKP_WriteBackupRegister                  0x0800e927   Thumb Code    24  stm32f10x_bkp.o(.text)
    BKP_ReadBackupRegister                   0x0800e93f   Thumb Code    26  stm32f10x_bkp.o(.text)
    BKP_GetFlagStatus                        0x0800e959   Thumb Code    10  stm32f10x_bkp.o(.text)
    BKP_ClearFlag                            0x0800e963   Thumb Code    18  stm32f10x_bkp.o(.text)
    BKP_GetITStatus                          0x0800e975   Thumb Code    10  stm32f10x_bkp.o(.text)
    BKP_ClearITPendingBit                    0x0800e97f   Thumb Code    18  stm32f10x_bkp.o(.text)
    PWR_DeInit                               0x0800e999   Thumb Code    22  stm32f10x_pwr.o(.text)
    PWR_BackupAccessCmd                      0x0800e9af   Thumb Code     6  stm32f10x_pwr.o(.text)
    PWR_PVDCmd                               0x0800e9b5   Thumb Code     6  stm32f10x_pwr.o(.text)
    PWR_PVDLevelConfig                       0x0800e9bb   Thumb Code    18  stm32f10x_pwr.o(.text)
    PWR_WakeUpPinCmd                         0x0800e9cd   Thumb Code     8  stm32f10x_pwr.o(.text)
    PWR_EnterSTOPMode                        0x0800e9d5   Thumb Code    54  stm32f10x_pwr.o(.text)
    PWR_EnterSTANDBYMode                     0x0800ea0b   Thumb Code    42  stm32f10x_pwr.o(.text)
    PWR_GetFlagStatus                        0x0800ea35   Thumb Code    20  stm32f10x_pwr.o(.text)
    PWR_ClearFlag                            0x0800ea49   Thumb Code    14  stm32f10x_pwr.o(.text)
    ADC_DeInit                               0x0800ea65   Thumb Code    78  stm32f10x_adc.o(.text)
    ADC_Init                                 0x0800eab3   Thumb Code    70  stm32f10x_adc.o(.text)
    ADC_StructInit                           0x0800eaf9   Thumb Code    18  stm32f10x_adc.o(.text)
    ADC_Cmd                                  0x0800eb0b   Thumb Code    22  stm32f10x_adc.o(.text)
    ADC_DMACmd                               0x0800eb21   Thumb Code    22  stm32f10x_adc.o(.text)
    ADC_ITConfig                             0x0800eb37   Thumb Code    24  stm32f10x_adc.o(.text)
    ADC_ResetCalibration                     0x0800eb4f   Thumb Code    10  stm32f10x_adc.o(.text)
    ADC_GetResetCalibrationStatus            0x0800eb59   Thumb Code    20  stm32f10x_adc.o(.text)
    ADC_StartCalibration                     0x0800eb6d   Thumb Code    10  stm32f10x_adc.o(.text)
    ADC_GetCalibrationStatus                 0x0800eb77   Thumb Code    20  stm32f10x_adc.o(.text)
    ADC_SoftwareStartConvCmd                 0x0800eb8b   Thumb Code    22  stm32f10x_adc.o(.text)
    ADC_GetSoftwareStartConvStatus           0x0800eba1   Thumb Code    20  stm32f10x_adc.o(.text)
    ADC_DiscModeChannelCountConfig           0x0800ebb5   Thumb Code    24  stm32f10x_adc.o(.text)
    ADC_DiscModeCmd                          0x0800ebcd   Thumb Code    22  stm32f10x_adc.o(.text)
    ADC_RegularChannelConfig                 0x0800ebe3   Thumb Code   184  stm32f10x_adc.o(.text)
    ADC_ExternalTrigConvCmd                  0x0800ec9b   Thumb Code    22  stm32f10x_adc.o(.text)
    ADC_GetConversionValue                   0x0800ecb1   Thumb Code     8  stm32f10x_adc.o(.text)
    ADC_GetDualModeConversionValue           0x0800ecb9   Thumb Code     8  stm32f10x_adc.o(.text)
    ADC_AutoInjectedConvCmd                  0x0800ecc1   Thumb Code    22  stm32f10x_adc.o(.text)
    ADC_InjectedDiscModeCmd                  0x0800ecd7   Thumb Code    22  stm32f10x_adc.o(.text)
    ADC_ExternalTrigInjectedConvConfig       0x0800eced   Thumb Code    16  stm32f10x_adc.o(.text)
    ADC_ExternalTrigInjectedConvCmd          0x0800ecfd   Thumb Code    22  stm32f10x_adc.o(.text)
    ADC_SoftwareStartInjectedConvCmd         0x0800ed13   Thumb Code    22  stm32f10x_adc.o(.text)
    ADC_GetSoftwareStartInjectedConvCmdStatus 0x0800ed29   Thumb Code    20  stm32f10x_adc.o(.text)
    ADC_InjectedChannelConfig                0x0800ed3d   Thumb Code   130  stm32f10x_adc.o(.text)
    ADC_InjectedSequencerLengthConfig        0x0800edbf   Thumb Code    24  stm32f10x_adc.o(.text)
    ADC_SetInjectedOffset                    0x0800edd7   Thumb Code    20  stm32f10x_adc.o(.text)
    ADC_GetInjectedConversionValue           0x0800edeb   Thumb Code    28  stm32f10x_adc.o(.text)
    ADC_AnalogWatchdogCmd                    0x0800ee07   Thumb Code    16  stm32f10x_adc.o(.text)
    ADC_AnalogWatchdogThresholdsConfig       0x0800ee17   Thumb Code     6  stm32f10x_adc.o(.text)
    ADC_AnalogWatchdogSingleChannelConfig    0x0800ee1d   Thumb Code    16  stm32f10x_adc.o(.text)
    ADC_TempSensorVrefintCmd                 0x0800ee2d   Thumb Code    64  stm32f10x_adc.o(.text)
    ADC_GetFlagStatus                        0x0800ee6d   Thumb Code    18  stm32f10x_adc.o(.text)
    ADC_ClearFlag                            0x0800ee7f   Thumb Code     6  stm32f10x_adc.o(.text)
    ADC_GetITStatus                          0x0800ee85   Thumb Code    36  stm32f10x_adc.o(.text)
    ADC_ClearITPendingBit                    0x0800eea9   Thumb Code    10  stm32f10x_adc.o(.text)
    mymemcpy                                 0x0800eeb5   Thumb Code    26  malloc.o(.text)
    mymemset                                 0x0800eecf   Thumb Code    20  malloc.o(.text)
    my_mem_init                              0x0800eee3   Thumb Code    54  malloc.o(.text)
    my_mem_perused                           0x0800ef19   Thumb Code    54  malloc.o(.text)
    my_mem_malloc                            0x0800ef4f   Thumb Code   154  malloc.o(.text)
    my_mem_free                              0x0800efe9   Thumb Code    94  malloc.o(.text)
    myfree                                   0x0800f047   Thumb Code    32  malloc.o(.text)
    mymalloc                                 0x0800f067   Thumb Code    36  malloc.o(.text)
    myrealloc                                0x0800f08b   Thumb Code    68  malloc.o(.text)
    disk_status                              0x0800f0e1   Thumb Code     6  diskio.o(.text)
    disk_initialize                          0x0800f0e7   Thumb Code    52  diskio.o(.text)
    disk_read                                0x0800f11b   Thumb Code   122  diskio.o(.text)
    disk_write                               0x0800f195   Thumb Code   122  diskio.o(.text)
    disk_ioctl                               0x0800f20f   Thumb Code   170  diskio.o(.text)
    get_fattime                              0x0800f2b9   Thumb Code     4  diskio.o(.text)
    ff_memalloc                              0x0800f2bd   Thumb Code    14  diskio.o(.text)
    ff_memfree                               0x0800f2cb   Thumb Code    14  diskio.o(.text)
    clust2sect                               0x0800f497   Thumb Code    26  ff.o(.text)
    get_fat                                  0x0800f4b1   Thumb Code   242  ff.o(.text)
    put_fat                                  0x0800f5a3   Thumb Code   322  ff.o(.text)
    dir_sdi                                  0x0800f859   Thumb Code   158  ff.o(.text)
    f_mount                                  0x080108e3   Thumb Code    86  ff.o(.text)
    f_open                                   0x08010939   Thumb Code   384  ff.o(.text)
    f_read                                   0x08010ab9   Thumb Code   450  ff.o(.text)
    f_write                                  0x08010c7b   Thumb Code   490  ff.o(.text)
    f_sync                                   0x08010e65   Thumb Code   176  ff.o(.text)
    f_close                                  0x08010f15   Thumb Code    32  ff.o(.text)
    f_lseek                                  0x08010f35   Thumb Code   684  ff.o(.text)
    f_opendir                                0x080111e1   Thumb Code   136  ff.o(.text)
    f_closedir                               0x08011269   Thumb Code    22  ff.o(.text)
    f_readdir                                0x0801127f   Thumb Code   114  ff.o(.text)
    f_stat                                   0x080112f1   Thumb Code    84  ff.o(.text)
    f_getfree                                0x08011345   Thumb Code   258  ff.o(.text)
    f_truncate                               0x08011447   Thumb Code   184  ff.o(.text)
    f_unlink                                 0x080114ff   Thumb Code   190  ff.o(.text)
    f_mkdir                                  0x080115bd   Thumb Code   380  ff.o(.text)
    f_chmod                                  0x08011739   Thumb Code   112  ff.o(.text)
    f_rename                                 0x080117a9   Thumb Code   290  ff.o(.text)
    f_utime                                  0x080118cb   Thumb Code   110  ff.o(.text)
    f_getlabel                               0x08011939   Thumb Code   190  ff.o(.text)
    f_setlabel                               0x080119f7   Thumb Code   482  ff.o(.text)
    f_mkfs                                   0x08011bd9   Thumb Code  1578  ff.o(.text)
    f_gets                                   0x08012203   Thumb Code    82  ff.o(.text)
    f_putc                                   0x08012299   Thumb Code    64  ff.o(.text)
    f_puts                                   0x080122d9   Thumb Code    74  ff.o(.text)
    f_printf                                 0x08012323   Thumb Code   674  ff.o(.text)
    exfuns_init                              0x080125c5   Thumb Code   114  exfuns.o(.text)
    char_upper                               0x08012637   Thumb Code    26  exfuns.o(.text)
    f_typetell                               0x08012651   Thumb Code   188  exfuns.o(.text)
    exf_getfree                              0x0801270d   Thumb Code    74  exfuns.o(.text)
    ff_convert                               0x0801276d   Thumb Code   146  mycc936.o(.text)
    ff_wtoupper                              0x080127ff   Thumb Code    46  mycc936.o(.text)
    usmart_sys_cmd_exe                       0x08012839   Thumb Code  1554  usmart.o(.text)
    usmart_reset_runtime                     0x08012e4b   Thumb Code    38  usmart.o(.text)
    usmart_get_runtime                       0x08012e71   Thumb Code    60  usmart.o(.text)
    TIM4_IRQHandler                          0x08012ead   Thumb Code    46  usmart.o(.text)
    Timer4_Init                              0x08012edb   Thumb Code    88  usmart.o(.text)
    usmart_init                              0x08012f33   Thumb Code    36  usmart.o(.text)
    usmart_cmd_rec                           0x08012f57   Thumb Code   170  usmart.o(.text)
    usmart_exe                               0x08013001   Thumb Code   870  usmart.o(.text)
    usmart_scan                              0x08013367   Thumb Code   120  usmart.o(.text)
    read_addr                                0x080133df   Thumb Code     6  usmart.o(.text)
    write_addr                               0x080133e5   Thumb Code     4  usmart.o(.text)
    usmart_strcmp                            0x08013471   Thumb Code    34  usmart_str.o(.text)
    usmart_strcopy                           0x08013493   Thumb Code    22  usmart_str.o(.text)
    usmart_strlen                            0x080134a9   Thumb Code    24  usmart_str.o(.text)
    usmart_pow                               0x080134c1   Thumb Code    22  usmart_str.o(.text)
    usmart_str2num                           0x080134d7   Thumb Code   202  usmart_str.o(.text)
    usmart_get_cmdname                       0x080135a1   Thumb Code    54  usmart_str.o(.text)
    usmart_search_nextc                      0x080135d7   Thumb Code    22  usmart_str.o(.text)
    usmart_get_fname                         0x080135ed   Thumb Code   440  usmart_str.o(.text)
    usmart_get_aparm                         0x080137a5   Thumb Code   200  usmart_str.o(.text)
    usmart_get_parmpos                       0x0801386d   Thumb Code    26  usmart_str.o(.text)
    usmart_get_fparam                        0x08013887   Thumb Code   262  usmart_str.o(.text)
    fupd_prog                                0x08013999   Thumb Code   134  fontupd.o(.text)
    updata_fontx                             0x08013a1f   Thumb Code   346  fontupd.o(.text)
    update_font                              0x08013b79   Thumb Code   882  fontupd.o(.text)
    font_init                                0x08013eeb   Thumb Code    64  fontupd.o(.text)
    Get_HzMat                                0x08013f69   Thumb Code   220  text.o(.text)
    Show_Font                                0x08014045   Thumb Code   190  text.o(.text)
    Show_Str                                 0x08014103   Thumb Code   192  text.o(.text)
    Show_Str_Mid                             0x080141c3   Thumb Code   106  text.o(.text)
    sim_at_response                          0x0801423d   Thumb Code    46  sim900a.o(.text)
    sim900a_check_cmd                        0x0801426b   Thumb Code    44  sim900a.o(.text)
    sim900a_send_cmd                         0x08014297   Thumb Code   110  sim900a.o(.text)
    sim900a_chr2hex                          0x08014305   Thumb Code    54  sim900a.o(.text)
    sim900a_hex2chr                          0x0801433b   Thumb Code    34  sim900a.o(.text)
    sim900a_unigbk_exchange                  0x0801435d   Thumb Code   236  sim900a.o(.text)
    sim900a_load_keyboard                    0x08014449   Thumb Code   292  sim900a.o(.text)
    sim900a_key_staset                       0x0801456d   Thumb Code   332  sim900a.o(.text)
    sim900a_get_keynum                       0x080146b9   Thumb Code   230  sim900a.o(.text)
    sim900a_call_test                        0x0801479f   Thumb Code  1180  sim900a.o(.text)
    sim900a_sms_read_test                    0x08014c3b   Thumb Code  1260  sim900a.o(.text)
    sim900a_sms_send_test                    0x08015127   Thumb Code   650  sim900a.o(.text)
    sim900a_sms_ui                           0x080153b1   Thumb Code   152  sim900a.o(.text)
    sim900a_sms_test                         0x08015449   Thumb Code   452  sim900a.o(.text)
    sim900a_tcpudp_test                      0x0801560d   Thumb Code  1520  sim900a.o(.text)
    sim900a_gprs_ui                          0x08015bfd   Thumb Code   152  sim900a.o(.text)
    sim900a_gprs_test                        0x08015c95   Thumb Code   518  sim900a.o(.text)
    sim900a_mtest_ui                         0x08015e9b   Thumb Code   816  sim900a.o(.text)
    sim900a_gsminfo_show                     0x080161cb   Thumb Code   424  sim900a.o(.text)
    sim900a_test                             0x08016373   Thumb Code   298  sim900a.o(.text)
    __use_no_semihosting                     0x0801659d   Thumb Code     2  use_no_semi_2.o(.text)
    __aeabi_ldivmod                          0x0801659f   Thumb Code     0  llsdiv.o(.text)
    _ll_sdiv                                 0x0801659f   Thumb Code    72  llsdiv.o(.text)
    __c89vsprintf                            0x080165e9   Thumb Code    32  c89vsprintf.o(.text)
    __2printf                                0x0801660d   Thumb Code    20  __2printf.o(.text)
    __2sprintf                               0x08016625   Thumb Code    38  __2sprintf.o(.text)
    _printf_pre_padding                      0x08016651   Thumb Code    44  _printf_pad.o(.text)
    _printf_post_padding                     0x0801667d   Thumb Code    34  _printf_pad.o(.text)
    _printf_str                              0x0801669f   Thumb Code    82  _printf_str.o(.text)
    _printf_int_dec                          0x080166f1   Thumb Code   104  _printf_dec.o(.text)
    _printf_longlong_hex                     0x08016769   Thumb Code    86  _printf_hex_int_ll_ptr.o(.text)
    _printf_int_hex                          0x080167bf   Thumb Code    28  _printf_hex_int_ll_ptr.o(.text)
    _printf_ll_hex                           0x080167db   Thumb Code    12  _printf_hex_int_ll_ptr.o(.text)
    _printf_hex_ptr                          0x080167e7   Thumb Code    18  _printf_hex_int_ll_ptr.o(.text)
    __printf                                 0x080167fd   Thumb Code   388  __printf_flags_ss_wp.o(.text)
    srand                                    0x08016985   Thumb Code    42  rand.o(.text)
    _rand_init                               0x080169af   Thumb Code     4  rand.o(.text)
    strstr                                   0x080169c1   Thumb Code    36  strstr.o(.text)
    strcpy                                   0x080169e5   Thumb Code    72  strcpy.o(.text)
    strlen                                   0x08016a2d   Thumb Code    62  strlen.o(.text)
    strcat                                   0x08016a6b   Thumb Code    24  strcat.o(.text)
    __aeabi_memcpy                           0x08016a83   Thumb Code     0  rt_memcpy_v6.o(.text)
    __rt_memcpy                              0x08016a83   Thumb Code   138  rt_memcpy_v6.o(.text)
    _memcpy_lastbytes                        0x08016ae9   Thumb Code     0  rt_memcpy_v6.o(.text)
    strcmp                                   0x08016b0d   Thumb Code   128  strcmpv7m.o(.text)
    __use_two_region_memory                  0x08016b8d   Thumb Code     2  heapauxi.o(.text)
    __rt_heap_escrow$2region                 0x08016b8f   Thumb Code     2  heapauxi.o(.text)
    __rt_heap_expand$2region                 0x08016b91   Thumb Code     2  heapauxi.o(.text)
    __I$use$semihosting                      0x08016b93   Thumb Code     0  use_no_semi.o(.text)
    __use_no_semihosting_swi                 0x08016b93   Thumb Code     2  use_no_semi.o(.text)
    __aeabi_uldivmod                         0x08016b95   Thumb Code     0  lludivv7m.o(.text)
    _ll_udiv                                 0x08016b95   Thumb Code   238  lludivv7m.o(.text)
    __read_errno                             0x08016c83   Thumb Code    10  _rserrno.o(.text)
    __set_errno                              0x08016c8d   Thumb Code    12  _rserrno.o(.text)
    _printf_truncate_signed                  0x08016c99   Thumb Code    18  _printf_truncate.o(.text)
    _printf_truncate_unsigned                0x08016cab   Thumb Code    18  _printf_truncate.o(.text)
    _printf_int_common                       0x08016cbd   Thumb Code   178  _printf_intcommon.o(.text)
    _printf_charcount                        0x08016d6f   Thumb Code    40  _printf_charcount.o(.text)
    _printf_char_common                      0x08016da3   Thumb Code    32  _printf_char_common.o(.text)
    _sputc                                   0x08016dc9   Thumb Code    10  _sputc.o(.text)
    _printf_cs_common                        0x08016dd3   Thumb Code    20  _printf_char.o(.text)
    _printf_char                             0x08016de7   Thumb Code    16  _printf_char.o(.text)
    _printf_string                           0x08016df7   Thumb Code     8  _printf_char.o(.text)
    _printf_char_file                        0x08016e01   Thumb Code    32  _printf_char_file.o(.text)
    _printf_wctomb                           0x08016e25   Thumb Code   182  _printf_wctomb.o(.text)
    _printf_longlong_dec                     0x08016ee1   Thumb Code   108  _printf_longlong_dec.o(.text)
    _printf_longlong_oct                     0x08016f5d   Thumb Code    68  _printf_oct_int_ll.o(.text)
    _printf_int_oct                          0x08016fa1   Thumb Code    24  _printf_oct_int_ll.o(.text)
    _printf_ll_oct                           0x08016fb9   Thumb Code    12  _printf_oct_int_ll.o(.text)
    __aeabi_memcpy4                          0x08016fcd   Thumb Code     0  rt_memcpy_w.o(.text)
    __aeabi_memcpy8                          0x08016fcd   Thumb Code     0  rt_memcpy_w.o(.text)
    __rt_memcpy_w                            0x08016fcd   Thumb Code   100  rt_memcpy_w.o(.text)
    _memcpy_lastbytes_aligned                0x08017015   Thumb Code     0  rt_memcpy_w.o(.text)
    __aeabi_errno_addr                       0x08017031   Thumb Code     8  rt_errno_addr_intlibspace.o(.text)
    __errno$intlibspace                      0x08017031   Thumb Code     0  rt_errno_addr_intlibspace.o(.text)
    __rt_errno_addr$intlibspace              0x08017031   Thumb Code     0  rt_errno_addr_intlibspace.o(.text)
    _ll_udiv10                               0x08017039   Thumb Code   138  lludiv10.o(.text)
    __lib_sel_fp_printf                      0x080170c3   Thumb Code     2  _printf_fp_dec.o(.text)
    _printf_fp_dec_real                      0x08017271   Thumb Code   620  _printf_fp_dec.o(.text)
    _printf_lcs_common                       0x080174dd   Thumb Code    20  _printf_wchar.o(.text)
    _printf_wchar                            0x080174f1   Thumb Code    16  _printf_wchar.o(.text)
    _printf_wstring                          0x08017501   Thumb Code     8  _printf_wchar.o(.text)
    ferror                                   0x08017509   Thumb Code     8  ferror.o(.text)
    _wcrtomb                                 0x08017511   Thumb Code    64  _wcrtomb.o(.text)
    __user_libspace                          0x08017551   Thumb Code     8  libspace.o(.text)
    __user_perproc_libspace                  0x08017551   Thumb Code     0  libspace.o(.text)
    __user_perthread_libspace                0x08017551   Thumb Code     0  libspace.o(.text)
    __user_setup_stackheap                   0x08017559   Thumb Code    74  sys_stackheap_outer.o(.text)
    __rt_ctype_table                         0x080175a5   Thumb Code    16  rt_ctype_table.o(.text)
    __rt_locale                              0x080175b5   Thumb Code     8  rt_locale_intlibspace.o(.text)
    _printf_fp_infnan                        0x080175bd   Thumb Code   112  _printf_fp_infnan.o(.text)
    _btod_etento                             0x0801763d   Thumb Code   216  bigflt0.o(.text)
    exit                                     0x08017719   Thumb Code    12  exit.o(.text)
    _btod_d2e                                0x08017725   Thumb Code    62  btod.o(CL$$btod_d2e)
    _d2e_denorm_low                          0x08017763   Thumb Code    70  btod.o(CL$$btod_d2e_denorm_low)
    _d2e_norm_op1                            0x080177a9   Thumb Code    96  btod.o(CL$$btod_d2e_norm_op1)
    __btod_div_common                        0x08017809   Thumb Code   696  btod.o(CL$$btod_div_common)
    _e2e                                     0x08017b41   Thumb Code   198  btod.o(CL$$btod_e2e)
    _btod_ediv                               0x08017c07   Thumb Code    40  btod.o(CL$$btod_ediv)
    _btod_emul                               0x08017c2f   Thumb Code    40  btod.o(CL$$btod_emul)
    __btod_mult_common                       0x08017c57   Thumb Code   580  btod.o(CL$$btod_mult_common)
    __ARM_fpclassify                         0x08017e9b   Thumb Code    40  fpclassify.o(i.__ARM_fpclassify)
    _is_digit                                0x08017ec3   Thumb Code    14  __printf_wp.o(i._is_digit)
    sqrt                                     0x08017ed1   Thumb Code    76  sqrt.o(i.sqrt)
    _get_lc_numeric                          0x08017f1d   Thumb Code    44  lc_numeric_c.o(locale$$code)
    _get_lc_ctype                            0x08017f49   Thumb Code    44  lc_ctype_c.o(locale$$code)
    __aeabi_d2f                              0x08017f75   Thumb Code     0  d2f.o(x$fpl$d2f)
    _d2f                                     0x08017f75   Thumb Code    98  d2f.o(x$fpl$d2f)
    __aeabi_dadd                             0x08017fd9   Thumb Code     0  daddsub_clz.o(x$fpl$dadd)
    _dadd                                    0x08017fd9   Thumb Code   332  daddsub_clz.o(x$fpl$dadd)
    __fpl_dcmp_Inf                           0x08018129   Thumb Code    24  dcmpi.o(x$fpl$dcmpinf)
    __aeabi_d2uiz                            0x08018141   Thumb Code     0  dfixu.o(x$fpl$dfixu)
    _dfixu                                   0x08018141   Thumb Code    90  dfixu.o(x$fpl$dfixu)
    __aeabi_i2d                              0x0801819b   Thumb Code     0  dflt_clz.o(x$fpl$dflt)
    _dflt                                    0x0801819b   Thumb Code    46  dflt_clz.o(x$fpl$dflt)
    __aeabi_ui2d                             0x080181c9   Thumb Code     0  dflt_clz.o(x$fpl$dfltu)
    _dfltu                                   0x080181c9   Thumb Code    38  dflt_clz.o(x$fpl$dfltu)
    __aeabi_cdcmple                          0x080181f1   Thumb Code     0  dleqf.o(x$fpl$dleqf)
    _dcmple                                  0x080181f1   Thumb Code   120  dleqf.o(x$fpl$dleqf)
    __fpl_dcmple_InfNaN                      0x08018253   Thumb Code     0  dleqf.o(x$fpl$dleqf)
    __aeabi_dmul                             0x08018269   Thumb Code     0  dmul.o(x$fpl$dmul)
    _dmul                                    0x08018269   Thumb Code   332  dmul.o(x$fpl$dmul)
    __fpl_dnaninf                            0x080183bd   Thumb Code   156  dnaninf.o(x$fpl$dnaninf)
    __fpl_dretinf                            0x08018459   Thumb Code    12  dretinf.o(x$fpl$dretinf)
    __aeabi_cdrcmple                         0x08018465   Thumb Code     0  drleqf.o(x$fpl$drleqf)
    _drcmple                                 0x08018465   Thumb Code   108  drleqf.o(x$fpl$drleqf)
    __aeabi_drsub                            0x080184d1   Thumb Code     0  daddsub_clz.o(x$fpl$drsb)
    _drsb                                    0x080184d1   Thumb Code    22  daddsub_clz.o(x$fpl$drsb)
    _dsqrt                                   0x080184e9   Thumb Code   456  dsqrt_noumaal.o(x$fpl$dsqrt)
    __aeabi_dsub                             0x080186b5   Thumb Code     0  daddsub_clz.o(x$fpl$dsub)
    _dsub                                    0x080186b5   Thumb Code   464  daddsub_clz.o(x$fpl$dsub)
    __aeabi_f2d                              0x08018889   Thumb Code     0  f2d.o(x$fpl$f2d)
    _f2d                                     0x08018889   Thumb Code    86  f2d.o(x$fpl$f2d)
    __aeabi_fadd                             0x080188e1   Thumb Code     0  faddsub_clz.o(x$fpl$fadd)
    _fadd                                    0x080188e1   Thumb Code   196  faddsub_clz.o(x$fpl$fadd)
    __fpl_fcmp_Inf                           0x080189a5   Thumb Code    24  fcmpi.o(x$fpl$fcmpinf)
    __aeabi_fdiv                             0x080189bd   Thumb Code     0  fdiv.o(x$fpl$fdiv)
    _fdiv                                    0x080189bd   Thumb Code   384  fdiv.o(x$fpl$fdiv)
    __aeabi_cfcmpeq                          0x08018b41   Thumb Code     0  feqf.o(x$fpl$feqf)
    _fcmpeq                                  0x08018b41   Thumb Code   104  feqf.o(x$fpl$feqf)
    __aeabi_f2iz                             0x08018ba9   Thumb Code     0  ffix.o(x$fpl$ffix)
    _ffix                                    0x08018ba9   Thumb Code    54  ffix.o(x$fpl$ffix)
    __aeabi_f2uiz                            0x08018be1   Thumb Code     0  ffixu.o(x$fpl$ffixu)
    _ffixu                                   0x08018be1   Thumb Code    62  ffixu.o(x$fpl$ffixu)
    __aeabi_i2f                              0x08018c21   Thumb Code     0  fflt_clz.o(x$fpl$fflt)
    _fflt                                    0x08018c21   Thumb Code    48  fflt_clz.o(x$fpl$fflt)
    __aeabi_ui2f                             0x08018c51   Thumb Code     0  fflt_clz.o(x$fpl$ffltu)
    _ffltu                                   0x08018c51   Thumb Code    38  fflt_clz.o(x$fpl$ffltu)
    __aeabi_cfcmple                          0x08018c79   Thumb Code     0  fleqf.o(x$fpl$fleqf)
    _fcmple                                  0x08018c79   Thumb Code   104  fleqf.o(x$fpl$fleqf)
    __fpl_fcmple_InfNaN                      0x08018ccb   Thumb Code     0  fleqf.o(x$fpl$fleqf)
    __aeabi_fmul                             0x08018ce1   Thumb Code     0  fmul.o(x$fpl$fmul)
    _fmul                                    0x08018ce1   Thumb Code   258  fmul.o(x$fpl$fmul)
    __fpl_fnaninf                            0x08018de3   Thumb Code   140  fnaninf.o(x$fpl$fnaninf)
    __fpl_fretinf                            0x08018e6f   Thumb Code    10  fretinf.o(x$fpl$fretinf)
    __aeabi_frsub                            0x08018e79   Thumb Code     0  faddsub_clz.o(x$fpl$frsb)
    _frsb                                    0x08018e79   Thumb Code    20  faddsub_clz.o(x$fpl$frsb)
    __aeabi_fsub                             0x08018e8d   Thumb Code     0  faddsub_clz.o(x$fpl$fsub)
    _fsub                                    0x08018e8d   Thumb Code   234  faddsub_clz.o(x$fpl$fsub)
    _printf_fp_dec                           0x08018f77   Thumb Code     4  printf1.o(x$fpl$printf1)
    __I$use$fp                               0x08018f7a   Number         0  usenofp.o(x$fpl$usenofp)
    asc2_1206                                0x08018f7a   Data        1140  lcd.o(.constdata)
    asc2_1608                                0x080193ee   Data        1520  lcd.o(.constdata)
    asc2_2412                                0x080199de   Data        3420  lcd.o(.constdata)
    TP_REMIND_MSG_TBL                        0x0801a73c   Data           4  touch.o(.constdata)
    FT5206_TPX_TBL                           0x0801a740   Data          10  ft5206.o(.constdata)
    GT911_TPX_TBL                            0x0801a74a   Data          10  ft5206.o(.constdata)
    GT9147_CFG_TBL                           0x0801a754   Data         184  gt9147.o(.constdata)
    GT9147_TPX_TBL                           0x0801a80c   Data          10  gt9147.o(.constdata)
    OTT_TPX_TBL                              0x0801a816   Data          10  ott2001a.o(.constdata)
    table_week                               0x0801a820   Data          12  rtc.o(.constdata)
    mon_table                                0x0801a82c   Data          12  rtc.o(.constdata)
    memtblsize                               0x0801a838   Data           8  malloc.o(.constdata)
    memblksize                               0x0801a840   Data           8  malloc.o(.constdata)
    memsize                                  0x0801a848   Data           8  malloc.o(.constdata)
    FILE_TYPE_TBL                            0x0801a88c   Data         312  exfuns.o(.constdata)
    GBK24_PATH                               0x0801ad84   Data           4  fontupd.o(.constdata)
    GBK16_PATH                               0x0801ad88   Data           4  fontupd.o(.constdata)
    GBK12_PATH                               0x0801ad8c   Data           4  fontupd.o(.constdata)
    UNIGBK_PATH                              0x0801ad90   Data           4  fontupd.o(.constdata)
    Region$$Table$$Base                      0x0801b110   Number         0  anon$$obj.o(Region$$Table)
    Region$$Table$$Limit                     0x0801b130   Number         0  anon$$obj.o(Region$$Table)
    __ctype                                  0x0801b159   Data           0  lc_ctype_c.o(locale$$data)
    SystemCoreClock                          0x20000000   Data           4  system_stm32f10x.o(.data)
    AHBPrescTable                            0x20000004   Data          16  system_stm32f10x.o(.data)
    POINT_COLOR                              0x20000016   Data           2  lcd.o(.data)
    BACK_COLOR                               0x20000018   Data           2  lcd.o(.data)
    W25QXX_TYPE                              0x2000001a   Data           2  w25qxx.o(.data)
    TransferError                            0x20000026   Data           1  sdio_sdcard.o(.data)
    TransferEnd                              0x20000027   Data           1  sdio_sdcard.o(.data)
    tempbuff                                 0x20000028   Data           4  sdio_sdcard.o(.data)
    tp_dev                                   0x2000002c   Data          52  touch.o(.data)
    CMD_RDX                                  0x20000060   Data           1  touch.o(.data)
    CMD_RDY                                  0x20000061   Data           1  touch.o(.data)
    CIP                                      0x20000062   Data           5  ft5206.o(.data)
    g_gt_tnum                                0x20000067   Data           1  ft5206.o(.data)
    USART3_RX_STA                            0x2000006e   Data           2  usart3.o(.data)
    __stdout                                 0x20000074   Data           4  usart.o(.data)
    USART_RX_STA                             0x20000078   Data           2  usart.o(.data)
    mallco_dev                               0x20000090   Data          28  malloc.o(.data)
    FLASH_SECTOR_COUNT                       0x200000ac   Data           2  diskio.o(.data)
    fs                                       0x200000bc   Data           8  exfuns.o(.data)
    file                                     0x200000c4   Data           4  exfuns.o(.data)
    ftemp                                    0x200000c8   Data           4  exfuns.o(.data)
    br                                       0x200000cc   Data           4  exfuns.o(.data)
    bw                                       0x200000d0   Data           4  exfuns.o(.data)
    fatbuf                                   0x200000d4   Data           4  exfuns.o(.data)
    sys_cmd_tab                              0x200000d8   Data          28  usmart.o(.data)
    usmart_nametab                           0x200000f4   Data          24  usmart_config.o(.data)
    usmart_dev                               0x2000010c   Data         244  usmart_config.o(.data)
    kbd_tbl1                                 0x20000200   Data          52  sim900a.o(.data)
    kbd_tbl2                                 0x20000234   Data          52  sim900a.o(.data)
    kbd_tbl                                  0x20000268   Data           4  sim900a.o(.data)
    kbd_fn_tbl                               0x2000026c   Data           8  sim900a.o(.data)
    sim900a_test_msg                         0x20000274   Data           4  sim900a.o(.data)
    modetbl                                  0x20000278   Data           8  sim900a.o(.data)
    lcddev                                   0x20000284   Data          14  lcd.o(.bss)
    W25QXX_BUFFER                            0x20000292   Data        4096  w25qxx.o(.bss)
    SDIO_InitStructure                       0x20001298   Data          24  sdio_sdcard.o(.bss)
    SDIO_CmdInitStructure                    0x200012b0   Data          20  sdio_sdcard.o(.bss)
    SDIO_DataInitStructure                   0x200012c4   Data          24  sdio_sdcard.o(.bss)
    SDCardInfo                               0x20001300   Data          88  sdio_sdcard.o(.bss)
    SDIO_DATA_BUFFER                         0x20001358   Data         512  sdio_sdcard.o(.bss)
    calendar                                 0x20001558   Data          10  rtc.o(.bss)
    USART3_RX_BUF                            0x20001562   Data         600  usart3.o(.bss)
    USART3_TX_BUF                            0x200017ba   Data         600  usart3.o(.bss)
    USART_RX_BUF                             0x20001a12   Data         200  usart.o(.bss)
    mem1base                                 0x20001ae0   Data       40960  malloc.o(.bss)
    mem1mapbase                              0x2000bae0   Data        2560  malloc.o(.bss)
    ftinfo                                   0x2000c4e0   Data          33  fontupd.o(.bss)
    _random_number_data                      0x2000c504   Data         228  rand.o(.bss)
    __libspace_start                         0x2000c5e8   Data          96  libspace.o(.bss)
    __temporary_stack_top$libspace           0x2000c648   Data           0  libspace.o(.bss)
    mem2base                                 0x68000000   Data          32  malloc.o(.ARM.__AT_0x68000000)
    mem2mapbase                              0x68000020   Data           2  malloc.o(.ARM.__AT_0x68000020)



==============================================================================

Memory Map of the image

  Image Entry point : 0x08000131

  Load Region LR_IROM1 (Base: 0x08000000, Size: 0x0001b4e0, Max: 0x00080000, ABSOLUTE, COMPRESSED[0x0001b324])

    Execution Region ER_IROM1 (Base: 0x08000000, Size: 0x0001b25c, Max: 0x00080000, ABSOLUTE)

    Base Addr    Size         Type   Attr      Idx    E Section Name        Object

    0x08000000   0x00000130   Data   RO          644    RESET               startup_stm32f10x_hd.o
    0x08000130   0x00000008   Code   RO         1102  * !!!main             c_w.l(__main.o)
    0x08000138   0x00000034   Code   RO         1461    !!!scatter          c_w.l(__scatter.o)
    0x0800016c   0x0000005a   Code   RO         1459    !!dczerorl2         c_w.l(__dczerorl2.o)
    0x080001c6   0x00000002   PAD
    0x080001c8   0x0000001c   Code   RO         1463    !!handler_zi        c_w.l(__scatter_zi.o)
    0x080001e4   0x00000000   Code   RO         1082    .ARM.Collect$$_printf_percent$$00000000  c_w.l(_printf_percent.o)
    0x080001e4   0x00000006   Code   RO         1200    .ARM.Collect$$_printf_percent$$00000001  c_w.l(_printf_n.o)
    0x080001ea   0x00000006   Code   RO         1201    .ARM.Collect$$_printf_percent$$00000002  c_w.l(_printf_p.o)
    0x080001f0   0x00000006   Code   RO         1204    .ARM.Collect$$_printf_percent$$00000003  c_w.l(_printf_f.o)
    0x080001f6   0x00000006   Code   RO         1205    .ARM.Collect$$_printf_percent$$00000004  c_w.l(_printf_e.o)
    0x080001fc   0x00000006   Code   RO         1206    .ARM.Collect$$_printf_percent$$00000005  c_w.l(_printf_g.o)
    0x08000202   0x00000006   Code   RO         1207    .ARM.Collect$$_printf_percent$$00000006  c_w.l(_printf_a.o)
    0x08000208   0x0000000a   Code   RO         1212    .ARM.Collect$$_printf_percent$$00000007  c_w.l(_printf_ll.o)
    0x08000212   0x00000006   Code   RO         1203    .ARM.Collect$$_printf_percent$$00000008  c_w.l(_printf_i.o)
    0x08000218   0x00000006   Code   RO         1080    .ARM.Collect$$_printf_percent$$00000009  c_w.l(_printf_d.o)
    0x0800021e   0x00000006   Code   RO         1081    .ARM.Collect$$_printf_percent$$0000000A  c_w.l(_printf_u.o)
    0x08000224   0x00000006   Code   RO         1202    .ARM.Collect$$_printf_percent$$0000000B  c_w.l(_printf_o.o)
    0x0800022a   0x00000006   Code   RO         1079    .ARM.Collect$$_printf_percent$$0000000C  c_w.l(_printf_x.o)
    0x08000230   0x00000006   Code   RO         1209    .ARM.Collect$$_printf_percent$$0000000D  c_w.l(_printf_lli.o)
    0x08000236   0x00000006   Code   RO         1210    .ARM.Collect$$_printf_percent$$0000000E  c_w.l(_printf_lld.o)
    0x0800023c   0x00000006   Code   RO         1211    .ARM.Collect$$_printf_percent$$0000000F  c_w.l(_printf_llu.o)
    0x08000242   0x00000006   Code   RO         1216    .ARM.Collect$$_printf_percent$$00000010  c_w.l(_printf_llo.o)
    0x08000248   0x00000006   Code   RO         1217    .ARM.Collect$$_printf_percent$$00000011  c_w.l(_printf_llx.o)
    0x0800024e   0x0000000a   Code   RO         1213    .ARM.Collect$$_printf_percent$$00000012  c_w.l(_printf_l.o)
    0x08000258   0x00000006   Code   RO         1077    .ARM.Collect$$_printf_percent$$00000013  c_w.l(_printf_c.o)
    0x0800025e   0x00000006   Code   RO         1078    .ARM.Collect$$_printf_percent$$00000014  c_w.l(_printf_s.o)
    0x08000264   0x00000006   Code   RO         1214    .ARM.Collect$$_printf_percent$$00000015  c_w.l(_printf_lc.o)
    0x0800026a   0x00000006   Code   RO         1215    .ARM.Collect$$_printf_percent$$00000016  c_w.l(_printf_ls.o)
    0x08000270   0x00000004   Code   RO         1208    .ARM.Collect$$_printf_percent$$00000017  c_w.l(_printf_percent_end.o)
    0x08000274   0x00000002   Code   RO         1379    .ARM.Collect$$libinit$$00000000  c_w.l(libinit.o)
    0x08000276   0x00000000   Code   RO         1221    .ARM.Collect$$libinit$$00000002  c_w.l(libinit2.o)
    0x08000276   0x00000000   Code   RO         1223    .ARM.Collect$$libinit$$00000004  c_w.l(libinit2.o)
    0x08000276   0x00000000   Code   RO         1226    .ARM.Collect$$libinit$$0000000A  c_w.l(libinit2.o)
    0x08000276   0x00000000   Code   RO         1228    .ARM.Collect$$libinit$$0000000C  c_w.l(libinit2.o)
    0x08000276   0x00000004   Code   RO         1229    .ARM.Collect$$libinit$$0000000D  c_w.l(libinit2.o)
    0x0800027a   0x00000000   Code   RO         1230    .ARM.Collect$$libinit$$0000000E  c_w.l(libinit2.o)
    0x0800027a   0x00000006   Code   RO         1231    .ARM.Collect$$libinit$$0000000F  c_w.l(libinit2.o)
    0x08000280   0x00000000   Code   RO         1233    .ARM.Collect$$libinit$$00000011  c_w.l(libinit2.o)
    0x08000280   0x0000000c   Code   RO         1234    .ARM.Collect$$libinit$$00000012  c_w.l(libinit2.o)
    0x0800028c   0x00000000   Code   RO         1235    .ARM.Collect$$libinit$$00000013  c_w.l(libinit2.o)
    0x0800028c   0x00000000   Code   RO         1237    .ARM.Collect$$libinit$$00000015  c_w.l(libinit2.o)
    0x0800028c   0x0000000a   Code   RO         1238    .ARM.Collect$$libinit$$00000016  c_w.l(libinit2.o)
    0x08000296   0x00000000   Code   RO         1239    .ARM.Collect$$libinit$$00000017  c_w.l(libinit2.o)
    0x08000296   0x00000000   Code   RO         1241    .ARM.Collect$$libinit$$00000019  c_w.l(libinit2.o)
    0x08000296   0x00000000   Code   RO         1243    .ARM.Collect$$libinit$$0000001B  c_w.l(libinit2.o)
    0x08000296   0x00000000   Code   RO         1245    .ARM.Collect$$libinit$$0000001D  c_w.l(libinit2.o)
    0x08000296   0x00000000   Code   RO         1247    .ARM.Collect$$libinit$$0000001F  c_w.l(libinit2.o)
    0x08000296   0x00000000   Code   RO         1249    .ARM.Collect$$libinit$$00000021  c_w.l(libinit2.o)
    0x08000296   0x00000000   Code   RO         1251    .ARM.Collect$$libinit$$00000023  c_w.l(libinit2.o)
    0x08000296   0x00000000   Code   RO         1253    .ARM.Collect$$libinit$$00000025  c_w.l(libinit2.o)
    0x08000296   0x00000000   Code   RO         1257    .ARM.Collect$$libinit$$0000002C  c_w.l(libinit2.o)
    0x08000296   0x00000000   Code   RO         1259    .ARM.Collect$$libinit$$0000002E  c_w.l(libinit2.o)
    0x08000296   0x00000000   Code   RO         1261    .ARM.Collect$$libinit$$00000030  c_w.l(libinit2.o)
    0x08000296   0x00000000   Code   RO         1263    .ARM.Collect$$libinit$$00000032  c_w.l(libinit2.o)
    0x08000296   0x00000002   Code   RO         1264    .ARM.Collect$$libinit$$00000033  c_w.l(libinit2.o)
    0x08000298   0x00000002   Code   RO         1423    .ARM.Collect$$libshutdown$$00000000  c_w.l(libshutdown.o)
    0x0800029a   0x00000000   Code   RO         1430    .ARM.Collect$$libshutdown$$00000003  c_w.l(libshutdown2.o)
    0x0800029a   0x00000000   Code   RO         1433    .ARM.Collect$$libshutdown$$00000006  c_w.l(libshutdown2.o)
    0x0800029a   0x00000000   Code   RO         1436    .ARM.Collect$$libshutdown$$00000009  c_w.l(libshutdown2.o)
    0x0800029a   0x00000000   Code   RO         1438    .ARM.Collect$$libshutdown$$0000000B  c_w.l(libshutdown2.o)
    0x0800029a   0x00000000   Code   RO         1441    .ARM.Collect$$libshutdown$$0000000E  c_w.l(libshutdown2.o)
    0x0800029a   0x00000002   Code   RO         1442    .ARM.Collect$$libshutdown$$0000000F  c_w.l(libshutdown2.o)
    0x0800029c   0x00000000   Code   RO         1170    .ARM.Collect$$rtentry$$00000000  c_w.l(__rtentry.o)
    0x0800029c   0x00000000   Code   RO         1283    .ARM.Collect$$rtentry$$00000002  c_w.l(__rtentry2.o)
    0x0800029c   0x00000006   Code   RO         1295    .ARM.Collect$$rtentry$$00000004  c_w.l(__rtentry4.o)
    0x080002a2   0x00000000   Code   RO         1285    .ARM.Collect$$rtentry$$00000009  c_w.l(__rtentry2.o)
    0x080002a2   0x00000004   Code   RO         1286    .ARM.Collect$$rtentry$$0000000A  c_w.l(__rtentry2.o)
    0x080002a6   0x00000000   Code   RO         1288    .ARM.Collect$$rtentry$$0000000C  c_w.l(__rtentry2.o)
    0x080002a6   0x00000008   Code   RO         1289    .ARM.Collect$$rtentry$$0000000D  c_w.l(__rtentry2.o)
    0x080002ae   0x00000002   Code   RO         1386    .ARM.Collect$$rtexit$$00000000  c_w.l(rtexit.o)
    0x080002b0   0x00000000   Code   RO         1403    .ARM.Collect$$rtexit$$00000002  c_w.l(rtexit2.o)
    0x080002b0   0x00000004   Code   RO         1404    .ARM.Collect$$rtexit$$00000003  c_w.l(rtexit2.o)
    0x080002b4   0x00000006   Code   RO         1405    .ARM.Collect$$rtexit$$00000004  c_w.l(rtexit2.o)
    0x080002ba   0x00000002   PAD
    0x080002bc   0x00000034   Code   RO         1083    .emb_text           c_w.l(rand.o)
    0x080002f0   0x00003798   Code   RO            1    .text               main.o
    0x08003a88   0x0000001a   Code   RO          204    .text               stm32f10x_it.o
    0x08003aa2   0x00000002   PAD
    0x08003aa4   0x000001e0   Code   RO          245    .text               system_stm32f10x.o
    0x08003c84   0x0000004c   Code   RO          263    .text               led.o
    0x08003cd0   0x000000d8   Code   RO          275    .text               key.o
    0x08003da8   0x0000344c   Code   RO          288    .text               lcd.o
    0x080071f4   0x00000108   Code   RO          318    .text               spi.o
    0x080072fc   0x00000368   Code   RO          333    .text               w25qxx.o
    0x08007664   0x00001c30   Code   RO          352    .text               sdio_sdcard.o
    0x08009294   0x00000fb4   Code   RO          378    .text               touch.o
    0x0800a248   0x000001ce   Code   RO          402    .text               24cxx.o
    0x0800a416   0x00000002   PAD
    0x0800a418   0x0000026c   Code   RO          414    .text               myiic.o
    0x0800a684   0x00000580   Code   RO          426    .text               ft5206.o
    0x0800ac04   0x00000458   Code   RO          448    .text               gt9147.o
    0x0800b05c   0x0000036c   Code   RO          464    .text               ott2001a.o
    0x0800b3c8   0x00000284   Code   RO          480    .text               ctiic.o
    0x0800b64c   0x00000038   Code   RO          492    .text               beep.o
    0x0800b684   0x00000478   Code   RO          504    .text               rtc.o
    0x0800bafc   0x000000e8   Code   RO          524    .text               adc.o
    0x0800bbe4   0x0000008c   Code   RO          536    .text               timer.o
    0x0800bc70   0x0000017c   Code   RO          552    .text               usart3.o
    0x0800bdec   0x000000d4   Code   RO          578    .text               delay.o
    0x0800bec0   0x0000000c   Code   RO          593    .text               sys.o
    0x0800becc   0x00000140   Code   RO          609    .text               usart.o
    0x0800c00c   0x00000040   Code   RO          645    .text               startup_stm32f10x_hd.o
    0x0800c04c   0x000000dc   Code   RO          649    .text               misc.o
    0x0800c128   0x0000060c   Code   RO          661    .text               stm32f10x_fsmc.o
    0x0800c734   0x0000035c   Code   RO          673    .text               stm32f10x_gpio.o
    0x0800ca90   0x000003a4   Code   RO          685    .text               stm32f10x_rcc.o
    0x0800ce34   0x0000030c   Code   RO          699    .text               stm32f10x_spi.o
    0x0800d140   0x00000408   Code   RO          711    .text               stm32f10x_usart.o
    0x0800d548   0x00000e1a   Code   RO          723    .text               stm32f10x_tim.o
    0x0800e362   0x00000002   PAD
    0x0800e364   0x000001d4   Code   RO          735    .text               stm32f10x_sdio.o
    0x0800e538   0x00000254   Code   RO          747    .text               stm32f10x_dma.o
    0x0800e78c   0x00000148   Code   RO          759    .text               stm32f10x_rtc.o
    0x0800e8d4   0x000000c4   Code   RO          771    .text               stm32f10x_bkp.o
    0x0800e998   0x000000cc   Code   RO          783    .text               stm32f10x_pwr.o
    0x0800ea64   0x0000044e   Code   RO          795    .text               stm32f10x_adc.o
    0x0800eeb2   0x00000002   PAD
    0x0800eeb4   0x0000022c   Code   RO          807    .text               malloc.o
    0x0800f0e0   0x00000200   Code   RO          829    .text               diskio.o
    0x0800f2e0   0x000032e4   Code   RO          847    .text               ff.o
    0x080125c4   0x000001a8   Code   RO          865    .text               exfuns.o
    0x0801276c   0x000000cc   Code   RO          905    .text               mycc936.o
    0x08012838   0x00000c38   Code   RO          918    .text               usmart.o
    0x08013470   0x00000528   Code   RO          947    .text               usmart_str.o
    0x08013998   0x000005d0   Code   RO          959    .text               fontupd.o
    0x08013f68   0x000002d4   Code   RO          983    .text               text.o
    0x0801423c   0x00002360   Code   RO          995    .text               sim900a.o
    0x0801659c   0x00000002   Code   RO         1014    .text               c_w.l(use_no_semi_2.o)
    0x0801659e   0x00000048   Code   RO         1016    .text               c_w.l(llsdiv.o)
    0x080165e6   0x00000002   PAD
    0x080165e8   0x00000024   Code   RO         1018    .text               c_w.l(c89vsprintf.o)
    0x0801660c   0x00000018   Code   RO         1020    .text               c_w.l(__2printf.o)
    0x08016624   0x0000002c   Code   RO         1022    .text               c_w.l(__2sprintf.o)
    0x08016650   0x0000004e   Code   RO         1030    .text               c_w.l(_printf_pad.o)
    0x0801669e   0x00000052   Code   RO         1032    .text               c_w.l(_printf_str.o)
    0x080166f0   0x00000078   Code   RO         1034    .text               c_w.l(_printf_dec.o)
    0x08016768   0x00000094   Code   RO         1054    .text               c_w.l(_printf_hex_int_ll_ptr.o)
    0x080167fc   0x00000188   Code   RO         1074    .text               c_w.l(__printf_flags_ss_wp.o)
    0x08016984   0x0000003c   Code   RO         1084    .text               c_w.l(rand.o)
    0x080169c0   0x00000024   Code   RO         1088    .text               c_w.l(strstr.o)
    0x080169e4   0x00000048   Code   RO         1090    .text               c_w.l(strcpy.o)
    0x08016a2c   0x0000003e   Code   RO         1092    .text               c_w.l(strlen.o)
    0x08016a6a   0x00000018   Code   RO         1094    .text               c_w.l(strcat.o)
    0x08016a82   0x0000008a   Code   RO         1096    .text               c_w.l(rt_memcpy_v6.o)
    0x08016b0c   0x00000080   Code   RO         1098    .text               c_w.l(strcmpv7m.o)
    0x08016b8c   0x00000006   Code   RO         1100    .text               c_w.l(heapauxi.o)
    0x08016b92   0x00000002   Code   RO         1168    .text               c_w.l(use_no_semi.o)
    0x08016b94   0x000000ee   Code   RO         1171    .text               c_w.l(lludivv7m.o)
    0x08016c82   0x00000016   Code   RO         1173    .text               c_w.l(_rserrno.o)
    0x08016c98   0x00000024   Code   RO         1175    .text               c_w.l(_printf_truncate.o)
    0x08016cbc   0x000000b2   Code   RO         1177    .text               c_w.l(_printf_intcommon.o)
    0x08016d6e   0x00000028   Code   RO         1179    .text               c_w.l(_printf_charcount.o)
    0x08016d96   0x00000002   PAD
    0x08016d98   0x00000030   Code   RO         1181    .text               c_w.l(_printf_char_common.o)
    0x08016dc8   0x0000000a   Code   RO         1183    .text               c_w.l(_sputc.o)
    0x08016dd2   0x0000002c   Code   RO         1185    .text               c_w.l(_printf_char.o)
    0x08016dfe   0x00000002   PAD
    0x08016e00   0x00000024   Code   RO         1187    .text               c_w.l(_printf_char_file.o)
    0x08016e24   0x000000bc   Code   RO         1189    .text               c_w.l(_printf_wctomb.o)
    0x08016ee0   0x0000007c   Code   RO         1192    .text               c_w.l(_printf_longlong_dec.o)
    0x08016f5c   0x00000070   Code   RO         1198    .text               c_w.l(_printf_oct_int_ll.o)
    0x08016fcc   0x00000064   Code   RO         1218    .text               c_w.l(rt_memcpy_w.o)
    0x08017030   0x00000008   Code   RO         1304    .text               c_w.l(rt_errno_addr_intlibspace.o)
    0x08017038   0x0000008a   Code   RO         1306    .text               c_w.l(lludiv10.o)
    0x080170c2   0x0000041a   Code   RO         1308    .text               c_w.l(_printf_fp_dec.o)
    0x080174dc   0x0000002c   Code   RO         1312    .text               c_w.l(_printf_wchar.o)
    0x08017508   0x00000008   Code   RO         1314    .text               c_w.l(ferror.o)
    0x08017510   0x00000040   Code   RO         1318    .text               c_w.l(_wcrtomb.o)
    0x08017550   0x00000008   Code   RO         1324    .text               c_w.l(libspace.o)
    0x08017558   0x0000004a   Code   RO         1327    .text               c_w.l(sys_stackheap_outer.o)
    0x080175a2   0x00000002   PAD
    0x080175a4   0x00000010   Code   RO         1329    .text               c_w.l(rt_ctype_table.o)
    0x080175b4   0x00000008   Code   RO         1336    .text               c_w.l(rt_locale_intlibspace.o)
    0x080175bc   0x00000080   Code   RO         1338    .text               c_w.l(_printf_fp_infnan.o)
    0x0801763c   0x000000dc   Code   RO         1340    .text               c_w.l(bigflt0.o)
    0x08017718   0x0000000c   Code   RO         1368    .text               c_w.l(exit.o)
    0x08017724   0x0000003e   Code   RO         1343    CL$$btod_d2e        c_w.l(btod.o)
    0x08017762   0x00000046   Code   RO         1345    CL$$btod_d2e_denorm_low  c_w.l(btod.o)
    0x080177a8   0x00000060   Code   RO         1344    CL$$btod_d2e_norm_op1  c_w.l(btod.o)
    0x08017808   0x00000338   Code   RO         1353    CL$$btod_div_common  c_w.l(btod.o)
    0x08017b40   0x000000c6   Code   RO         1350    CL$$btod_e2e        c_w.l(btod.o)
    0x08017c06   0x00000028   Code   RO         1347    CL$$btod_ediv       c_w.l(btod.o)
    0x08017c2e   0x00000028   Code   RO         1346    CL$$btod_emul       c_w.l(btod.o)
    0x08017c56   0x00000244   Code   RO         1352    CL$$btod_mult_common  c_w.l(btod.o)
    0x08017e9a   0x00000028   Code   RO         1382    i.__ARM_fpclassify  m_ws.l(fpclassify.o)
    0x08017ec2   0x0000000e   Code   RO         1067    i._is_digit         c_w.l(__printf_wp.o)
    0x08017ed0   0x0000004c   Code   RO         1161    i.sqrt              m_ws.l(sqrt.o)
    0x08017f1c   0x0000002c   Code   RO         1366    locale$$code        c_w.l(lc_numeric_c.o)
    0x08017f48   0x0000002c   Code   RO         1391    locale$$code        c_w.l(lc_ctype_c.o)
    0x08017f74   0x00000062   Code   RO         1104    x$fpl$d2f           fz_ws.l(d2f.o)
    0x08017fd6   0x00000002   PAD
    0x08017fd8   0x00000150   Code   RO         1106    x$fpl$dadd          fz_ws.l(daddsub_clz.o)
    0x08018128   0x00000018   Code   RO         1265    x$fpl$dcmpinf       fz_ws.l(dcmpi.o)
    0x08018140   0x0000005a   Code   RO         1112    x$fpl$dfixu         fz_ws.l(dfixu.o)
    0x0801819a   0x0000002e   Code   RO         1117    x$fpl$dflt          fz_ws.l(dflt_clz.o)
    0x080181c8   0x00000026   Code   RO         1116    x$fpl$dfltu         fz_ws.l(dflt_clz.o)
    0x080181ee   0x00000002   PAD
    0x080181f0   0x00000078   Code   RO         1122    x$fpl$dleqf         fz_ws.l(dleqf.o)
    0x08018268   0x00000154   Code   RO         1124    x$fpl$dmul          fz_ws.l(dmul.o)
    0x080183bc   0x0000009c   Code   RO         1267    x$fpl$dnaninf       fz_ws.l(dnaninf.o)
    0x08018458   0x0000000c   Code   RO         1269    x$fpl$dretinf       fz_ws.l(dretinf.o)
    0x08018464   0x0000006c   Code   RO         1126    x$fpl$drleqf        fz_ws.l(drleqf.o)
    0x080184d0   0x00000016   Code   RO         1107    x$fpl$drsb          fz_ws.l(daddsub_clz.o)
    0x080184e6   0x00000002   PAD
    0x080184e8   0x000001cc   Code   RO         1271    x$fpl$dsqrt         fz_ws.l(dsqrt_noumaal.o)
    0x080186b4   0x000001d4   Code   RO         1108    x$fpl$dsub          fz_ws.l(daddsub_clz.o)
    0x08018888   0x00000056   Code   RO         1128    x$fpl$f2d           fz_ws.l(f2d.o)
    0x080188de   0x00000002   PAD
    0x080188e0   0x000000c4   Code   RO         1130    x$fpl$fadd          fz_ws.l(faddsub_clz.o)
    0x080189a4   0x00000018   Code   RO         1273    x$fpl$fcmpinf       fz_ws.l(fcmpi.o)
    0x080189bc   0x00000184   Code   RO         1137    x$fpl$fdiv          fz_ws.l(fdiv.o)
    0x08018b40   0x00000068   Code   RO         1140    x$fpl$feqf          fz_ws.l(feqf.o)
    0x08018ba8   0x00000036   Code   RO         1142    x$fpl$ffix          fz_ws.l(ffix.o)
    0x08018bde   0x00000002   PAD
    0x08018be0   0x0000003e   Code   RO         1146    x$fpl$ffixu         fz_ws.l(ffixu.o)
    0x08018c1e   0x00000002   PAD
    0x08018c20   0x00000030   Code   RO         1151    x$fpl$fflt          fz_ws.l(fflt_clz.o)
    0x08018c50   0x00000026   Code   RO         1150    x$fpl$ffltu         fz_ws.l(fflt_clz.o)
    0x08018c76   0x00000002   PAD
    0x08018c78   0x00000068   Code   RO         1156    x$fpl$fleqf         fz_ws.l(fleqf.o)
    0x08018ce0   0x00000102   Code   RO         1158    x$fpl$fmul          fz_ws.l(fmul.o)
    0x08018de2   0x0000008c   Code   RO         1275    x$fpl$fnaninf       fz_ws.l(fnaninf.o)
    0x08018e6e   0x0000000a   Code   RO         1277    x$fpl$fretinf       fz_ws.l(fretinf.o)
    0x08018e78   0x00000014   Code   RO         1131    x$fpl$frsb          fz_ws.l(faddsub_clz.o)
    0x08018e8c   0x000000ea   Code   RO         1132    x$fpl$fsub          fz_ws.l(faddsub_clz.o)
    0x08018f76   0x00000004   Code   RO         1279    x$fpl$printf1       fz_ws.l(printf1.o)
    0x08018f7a   0x00000000   Code   RO         1281    x$fpl$usenofp       fz_ws.l(usenofp.o)
    0x08018f7a   0x000017c0   Data   RO          290    .constdata          lcd.o
    0x0801a73a   0x00000002   PAD
    0x0801a73c   0x00000004   Data   RO          379    .constdata          touch.o
    0x0801a740   0x00000014   Data   RO          427    .constdata          ft5206.o
    0x0801a754   0x000000c2   Data   RO          449    .constdata          gt9147.o
    0x0801a816   0x0000000a   Data   RO          465    .constdata          ott2001a.o
    0x0801a820   0x00000018   Data   RO          506    .constdata          rtc.o
    0x0801a838   0x00000018   Data   RO          811    .constdata          malloc.o
    0x0801a850   0x0000003a   Data   RO          848    .constdata          ff.o
    0x0801a88a   0x00000002   PAD
    0x0801a88c   0x00000138   Data   RO          867    .constdata          exfuns.o
    0x0801a9c4   0x000003c0   Data   RO          906    .constdata          mycc936.o
    0x0801ad84   0x00000010   Data   RO          961    .constdata          fontupd.o
    0x0801ad94   0x0000000c   Data   RO          996    .constdata          sim900a.o
    0x0801ada0   0x00000028   Data   RO         1055    .constdata          c_w.l(_printf_hex_int_ll_ptr.o)
    0x0801adc8   0x00000011   Data   RO         1075    .constdata          c_w.l(__printf_flags_ss_wp.o)
    0x0801add9   0x00000003   PAD
    0x0801addc   0x00000008   Data   RO         1190    .constdata          c_w.l(_printf_wctomb.o)
    0x0801ade4   0x00000094   Data   RO         1341    .constdata          c_w.l(bigflt0.o)
    0x0801ae78   0x0000004b   Data   RO            2    .conststring        main.o
    0x0801aec3   0x00000001   PAD
    0x0801aec4   0x00000079   Data   RO          380    .conststring        touch.o
    0x0801af3d   0x00000003   PAD
    0x0801af40   0x00000060   Data   RO          868    .conststring        exfuns.o
    0x0801afa0   0x00000028   Data   RO          919    .conststring        usmart.o
    0x0801afc8   0x00000084   Data   RO          934    .conststring        usmart_config.o
    0x0801b04c   0x0000005f   Data   RO          962    .conststring        fontupd.o
    0x0801b0ab   0x00000001   PAD
    0x0801b0ac   0x00000061   Data   RO          997    .conststring        sim900a.o
    0x0801b10d   0x00000003   PAD
    0x0801b110   0x00000020   Data   RO         1457    Region$$Table       anon$$obj.o
    0x0801b130   0x0000001c   Data   RO         1365    locale$$data        c_w.l(lc_numeric_c.o)
    0x0801b14c   0x00000110   Data   RO         1390    locale$$data        c_w.l(lc_ctype_c.o)


    Execution Region RW_IRAM1 (Base: 0x20000000, Size: 0x0000cc48, Max: 0x00010000, ABSOLUTE, COMPRESSED[0x000000c8])

    Base Addr    Size         Type   Attr      Idx    E Section Name        Object

    0x20000000   0x00000014   Data   RW          246    .data               system_stm32f10x.o
    0x20000014   0x00000001   Data   RW          276    .data               key.o
    0x20000015   0x00000001   PAD
    0x20000016   0x00000004   Data   RW          291    .data               lcd.o
    0x2000001a   0x00000002   Data   RW          335    .data               w25qxx.o
    0x2000001c   0x00000010   Data   RW          354    .data               sdio_sdcard.o
    0x2000002c   0x00000036   Data   RW          381    .data               touch.o
    0x20000062   0x00000007   Data   RW          428    .data               ft5206.o
    0x20000069   0x00000001   Data   RW          450    .data               gt9147.o
    0x2000006a   0x00000001   Data   RW          466    .data               ott2001a.o
    0x2000006b   0x00000001   PAD
    0x2000006c   0x00000002   Data   RW          507    .data               rtc.o
    0x2000006e   0x00000002   Data   RW          554    .data               usart3.o
    0x20000070   0x00000004   Data   RW          579    .data               delay.o
    0x20000074   0x00000006   Data   RW          611    .data               usart.o
    0x2000007a   0x00000014   Data   RW          686    .data               stm32f10x_rcc.o
    0x2000008e   0x00000002   PAD
    0x20000090   0x0000001c   Data   RW          812    .data               malloc.o
    0x200000ac   0x00000002   Data   RW          830    .data               diskio.o
    0x200000ae   0x00000002   PAD
    0x200000b0   0x0000000a   Data   RW          849    .data               ff.o
    0x200000ba   0x00000002   PAD
    0x200000bc   0x0000001c   Data   RW          869    .data               exfuns.o
    0x200000d8   0x0000001c   Data   RW          920    .data               usmart.o
    0x200000f4   0x0000010c   Data   RW          935    .data               usmart_config.o
    0x20000200   0x00000081   Data   RW          998    .data               sim900a.o
    0x20000281   0x00000003   PAD
    0x20000284   0x0000000e   Zero   RW          289    .bss                lcd.o
    0x20000292   0x00001000   Zero   RW          334    .bss                w25qxx.o
    0x20001292   0x00000006   PAD
    0x20001298   0x000002c0   Zero   RW          353    .bss                sdio_sdcard.o
    0x20001558   0x0000000a   Zero   RW          505    .bss                rtc.o
    0x20001562   0x000004b0   Zero   RW          553    .bss                usart3.o
    0x20001a12   0x000000c8   Zero   RW          610    .bss                usart.o
    0x20001ada   0x00000006   PAD
    0x20001ae0   0x0000aa00   Zero   RW          810    .bss                malloc.o
    0x2000c4e0   0x00000021   Zero   RW          960    .bss                fontupd.o
    0x2000c501   0x00000003   PAD
    0x2000c504   0x000000e4   Zero   RW         1085    .bss                c_w.l(rand.o)
    0x2000c5e8   0x00000060   Zero   RW         1325    .bss                c_w.l(libspace.o)
    0x2000c648   0x00000200   Zero   RW          643    HEAP                startup_stm32f10x_hd.o
    0x2000c848   0x00000400   Zero   RW          642    STACK               startup_stm32f10x_hd.o



  Load Region LR$$.ARM.__AT_0x68000000 (Base: 0x68000000, Size: 0x00000000, Max: 0x00000020, ABSOLUTE)

    Execution Region ER$$.ARM.__AT_0x68000000 (Base: 0x68000000, Size: 0x00000020, Max: 0x00000020, ABSOLUTE, UNINIT)

    Base Addr    Size         Type   Attr      Idx    E Section Name        Object

    0x68000000   0x00000020   Zero   RW          808    .ARM.__AT_0x68000000  malloc.o



  Load Region LR$$.ARM.__AT_0x68000020 (Base: 0x68000020, Size: 0x00000000, Max: 0x00000004, ABSOLUTE)

    Execution Region ER$$.ARM.__AT_0x68000020 (Base: 0x68000020, Size: 0x00000004, Max: 0x00000004, ABSOLUTE, UNINIT)

    Base Addr    Size         Type   Attr      Idx    E Section Name        Object

    0x68000020   0x00000002   Zero   RW          809    .ARM.__AT_0x68000020  malloc.o


==============================================================================

Image component sizes


      Code (inc. data)   RO Data    RW Data    ZI Data      Debug   Object Name

       462          0          0          0          0       2830   24cxx.o
       232          8          0          0          0       1043   adc.o
        56          6          0          0          0        460   beep.o
       644         24          0          0          0       2001   ctiic.o
       212         18          0          4          0        967   delay.o
       512          8          0          2          0       4050   diskio.o
       424         22        408         28          0       2608   exfuns.o
     13028        144         58         10          0      36482   ff.o
      1488        158        111          0         33       3976   fontupd.o
      1408         78         20          7          0       2779   ft5206.o
      1112         74        194          1          0       2906   gt9147.o
       216         14          0          1          0        780   key.o
     13388        124       6080          4         14      17758   lcd.o
        76          8          0          0          0        471   led.o
     14232       1054         75          0          0     303467   main.o
       556         18         24         28      43554       4424   malloc.o
       220         22          0          0          0       1745   misc.o
       204         12        960          0          0       1529   mycc936.o
       620         14          0          0          0       1832   myiic.o
       876         56         10          1          0       2543   ott2001a.o
      1144         62         24          2         10       4134   rtc.o
      7216        256          0         16        704      24300   sdio_sdcard.o
      9056       1810        109        129          0      10532   sim900a.o
       264         10          0          0          0       1069   spi.o
        64         26        304          0       1536        776   startup_stm32f10x_hd.o
      1102         26          0          0          0      10777   stm32f10x_adc.o
       196          8          0          0          0       3408   stm32f10x_bkp.o
       596          8          0          0          0       4274   stm32f10x_dma.o
      1548         18          0          0          0       5291   stm32f10x_fsmc.o
       860         38          0          0          0       5589   stm32f10x_gpio.o
        26          0          0          0          0       1154   stm32f10x_it.o
       204         14          0          0          0       1891   stm32f10x_pwr.o
       932         36          0         20          0       8732   stm32f10x_rcc.o
       328          4          0          0          0       2642   stm32f10x_rtc.o
       468         22          0          0          0       7032   stm32f10x_sdio.o
       780         14          0          0          0       6470   stm32f10x_spi.o
      3610         88          0          0          0      22072   stm32f10x_tim.o
      1032         22          0          0          0       8316   stm32f10x_usart.o
        12          0          0          0          0        591   sys.o
       480         38          0         20          0       1659   system_stm32f10x.o
       724         16          0          0          0       2900   text.o
       140          8          0          0          0        748   timer.o
      4020        222        125         54          0       6541   touch.o
       320         18          0          6        200       3038   usart.o
       380         24          0          2       1200       2466   usart3.o
      3128       1288         40         28          0       4234   usmart.o
         0          0        132        268          0       1448   usmart_config.o
      1320         12          0          0          0       4997   usmart_str.o
       872         30          0          2       4096       4241   w25qxx.o

    ----------------------------------------------------------------------
     90796       5980       8718        644      51364     555973   Object Totals
         0          0         32          0          0          0   (incl. Generated)
         8          0         12         11         17          0   (incl. Padding)

    ----------------------------------------------------------------------

      Code (inc. data)   RO Data    RW Data    ZI Data      Debug   Library Member Name

        24          4          0          0          0         84   __2printf.o
        44          6          0          0          0         84   __2sprintf.o
        90          0          0          0          0          0   __dczerorl2.o
         8          0          0          0          0         68   __main.o
       392          4         17          0          0         92   __printf_flags_ss_wp.o
        14          0          0          0          0         68   __printf_wp.o
         0          0          0          0          0          0   __rtentry.o
        12          0          0          0          0          0   __rtentry2.o
         6          0          0          0          0          0   __rtentry4.o
        52          8          0          0          0          0   __scatter.o
        28          0          0          0          0          0   __scatter_zi.o
         6          0          0          0          0          0   _printf_a.o
         6          0          0          0          0          0   _printf_c.o
        44          0          0          0          0        108   _printf_char.o
        48          6          0          0          0         96   _printf_char_common.o
        36          4          0          0          0         80   _printf_char_file.o
        40          0          0          0          0         68   _printf_charcount.o
         6          0          0          0          0          0   _printf_d.o
       120         16          0          0          0         92   _printf_dec.o
         6          0          0          0          0          0   _printf_e.o
         6          0          0          0          0          0   _printf_f.o
      1050          0          0          0          0        216   _printf_fp_dec.o
       128         16          0          0          0         84   _printf_fp_infnan.o
         6          0          0          0          0          0   _printf_g.o
       148          4         40          0          0        160   _printf_hex_int_ll_ptr.o
         6          0          0          0          0          0   _printf_i.o
       178          0          0          0          0         88   _printf_intcommon.o
        10          0          0          0          0          0   _printf_l.o
         6          0          0          0          0          0   _printf_lc.o
        10          0          0          0          0          0   _printf_ll.o
         6          0          0          0          0          0   _printf_lld.o
         6          0          0          0          0          0   _printf_lli.o
         6          0          0          0          0          0   _printf_llo.o
         6          0          0          0          0          0   _printf_llu.o
         6          0          0          0          0          0   _printf_llx.o
       124         16          0          0          0         92   _printf_longlong_dec.o
         6          0          0          0          0          0   _printf_ls.o
         6          0          0          0          0          0   _printf_n.o
         6          0          0          0          0          0   _printf_o.o
       112          8          0          0          0        124   _printf_oct_int_ll.o
         6          0          0          0          0          0   _printf_p.o
        78          0          0          0          0        108   _printf_pad.o
         0          0          0          0          0          0   _printf_percent.o
         4          0          0          0          0          0   _printf_percent_end.o
         6          0          0          0          0          0   _printf_s.o
        82          0          0          0          0         80   _printf_str.o
        36          0          0          0          0         84   _printf_truncate.o
         6          0          0          0          0          0   _printf_u.o
        44          0          0          0          0        108   _printf_wchar.o
       188          6          8          0          0         92   _printf_wctomb.o
         6          0          0          0          0          0   _printf_x.o
        22          0          0          0          0        100   _rserrno.o
        10          0          0          0          0         68   _sputc.o
        64          0          0          0          0         92   _wcrtomb.o
       220          4        148          0          0         96   bigflt0.o
      1910        128          0          0          0        672   btod.o
        36          4          0          0          0         76   c89vsprintf.o
        12          0          0          0          0         72   exit.o
         8          0          0          0          0         68   ferror.o
         6          0          0          0          0        152   heapauxi.o
        44         10        272          0          0         76   lc_ctype_c.o
        44         10         28          0          0         76   lc_numeric_c.o
         2          0          0          0          0          0   libinit.o
        34          0          0          0          0          0   libinit2.o
         2          0          0          0          0          0   libshutdown.o
         2          0          0          0          0          0   libshutdown2.o
         8          4          0          0         96         68   libspace.o
        72          0          0          0          0         76   llsdiv.o
       138          0          0          0          0         80   lludiv10.o
       238          0          0          0          0        100   lludivv7m.o
       112         18          0          0        228        160   rand.o
        16          4          0          0          0         76   rt_ctype_table.o
         8          4          0          0          0         68   rt_errno_addr_intlibspace.o
         8          4          0          0          0         68   rt_locale_intlibspace.o
       138          0          0          0          0         68   rt_memcpy_v6.o
       100          0          0          0          0         80   rt_memcpy_w.o
         2          0          0          0          0          0   rtexit.o
        10          0          0          0          0          0   rtexit2.o
        24          0          0          0          0         68   strcat.o
       128          0          0          0          0         68   strcmpv7m.o
        72          0          0          0          0         80   strcpy.o
        62          0          0          0          0         76   strlen.o
        36          0          0          0          0         80   strstr.o
        74          0          0          0          0         80   sys_stackheap_outer.o
         2          0          0          0          0         68   use_no_semi.o
         2          0          0          0          0         68   use_no_semi_2.o
        98          4          0          0          0         92   d2f.o
       826         16          0          0          0        348   daddsub_clz.o
        24          0          0          0          0         68   dcmpi.o
        90          4          0          0          0         92   dfixu.o
        84          0          0          0          0        136   dflt_clz.o
       120          4          0          0          0         92   dleqf.o
       340         12          0          0          0        104   dmul.o
       156          4          0          0          0         92   dnaninf.o
        12          0          0          0          0         68   dretinf.o
       108          0          0          0          0         80   drleqf.o
       460         56          0          0          0        120   dsqrt_noumaal.o
        86          4          0          0          0         84   f2d.o
       450          8          0          0          0        236   faddsub_clz.o
        24          0          0          0          0         68   fcmpi.o
       388         76          0          0          0         96   fdiv.o
       104          4          0          0          0         84   feqf.o
        54          4          0          0          0         84   ffix.o
        62          4          0          0          0         84   ffixu.o
        86          0          0          0          0        136   fflt_clz.o
       104          4          0          0          0         84   fleqf.o
       258          4          0          0          0         84   fmul.o
       140          4          0          0          0         84   fnaninf.o
        10          0          0          0          0         68   fretinf.o
         4          0          0          0          0         68   printf1.o
         0          0          0          0          0          0   usenofp.o
        40          0          0          0          0         68   fpclassify.o
        76          0          0          0          0         84   sqrt.o

    ----------------------------------------------------------------------
     11166        500        516          0        324       7760   Library Totals
        26          0          3          0          0          0   (incl. Padding)

    ----------------------------------------------------------------------

      Code (inc. data)   RO Data    RW Data    ZI Data      Debug   Library Name

      6936        288        513          0        324       5056   c_w.l
      4088        212          0          0          0       2552   fz_ws.l
       116          0          0          0          0        152   m_ws.l

    ----------------------------------------------------------------------
     11166        500        516          0        324       7760   Library Totals

    ----------------------------------------------------------------------

==============================================================================


      Code (inc. data)   RO Data    RW Data    ZI Data      Debug   

    101962       6480       9234        644      51688     554733   Grand Totals
    101962       6480       9234        200      51688     554733   ELF Image Totals (compressed)
    101962       6480       9234        200          0          0   ROM Totals

==============================================================================

    Total RO  Size (Code + RO Data)               111196 ( 108.59kB)
    Total RW  Size (RW Data + ZI Data)             52332 (  51.11kB)
    Total ROM Size (Code + RO Data + RW Data)     111396 ( 108.79kB)

==============================================================================

